 g++-8 -g3 -Wall -std=c++17 -I include -c -o build/condition_variable.o src/condition_variable.cpp
src/condition_variable.cpp: In destructor 'threading::condition_variable::~condition_variable()':
src/condition_variable.cpp:24:13: warning: throw will always call terminate() [-Wterminate]
             throw;
             ^~~~~
src/condition_variable.cpp:24:13: note: in C++11 destructors default to noexcept
 g++-8 -g3 -Wall -std=c++17 -I include -c -o build/event.o src/event.cpp
 g++-8 -g3 -Wall -std=c++17 -I include -c -o build/http.o src/http.cpp
src/http.cpp: In member function 'void search::HTTPClient::SubmitURLSync(const string&)':
src/http.cpp:230:32: warning: unused variable 'buf_front' [-Wunused-variable]
                         char * buf_front = full_response + bytes_received;
                                ^~~~~~~~~
src/http.cpp:200:17: warning: unused variable 'current_buf_size' [-Wunused-variable]
         ssize_t current_buf_size = BUFFER_SIZE;
                 ^~~~~~~~~~~~~~~~
src/http.cpp: In member function 'virtual int search::HTTPClient::SecureSocket::setFd(int)':
src/http.cpp:264:13: warning: unused variable 'sslsock' [-Wunused-variable]
         int sslsock = ::SSL_get_fd(ssl);
             ^~~~~~~
src/http.cpp: In member function 'virtual ssize_t search::HTTPClient::SecureSocket::close()':
src/http.cpp:323:5: warning: no return statement in function returning non-void [-Wreturn-type]
     }
     ^
In file included from /home/eger/.linuxbrew/Cellar/gcc@8/8.2.0/include/c++/8.2.0/bits/stl_algobase.h:71,
                 from /home/eger/.linuxbrew/Cellar/gcc@8/8.2.0/include/c++/8.2.0/bits/char_traits.h:39,
                 from /home/eger/.linuxbrew/Cellar/gcc@8/8.2.0/include/c++/8.2.0/ios:40,
                 from /home/eger/.linuxbrew/Cellar/gcc@8/8.2.0/include/c++/8.2.0/ostream:38,
                 from /home/eger/.linuxbrew/Cellar/gcc@8/8.2.0/include/c++/8.2.0/iostream:39,
                 from include/http.hpp:13,
                 from src/http.cpp:9:
/home/eger/.linuxbrew/Cellar/gcc@8/8.2.0/include/c++/8.2.0/bits/predefined_ops.h: In instantiation of 'bool __gnu_cxx::__ops::_Iter_equals_val<_Value>::operator()(_Iterator) [with _Iterator = char*; _Value = const char [5]]':
/home/eger/.linuxbrew/Cellar/gcc@8/8.2.0/include/c++/8.2.0/bits/stl_algo.h:120:14:   required from '_RandomAccessIterator std::__find_if(_RandomAccessIterator, _RandomAccessIterator, _Predicate, std::random_access_iterator_tag) [with _RandomAccessIterator = char*; _Predicate = __gnu_cxx::__ops::_Iter_equals_val<const char [5]>]'
/home/eger/.linuxbrew/Cellar/gcc@8/8.2.0/include/c++/8.2.0/bits/stl_algo.h:161:23:   required from '_Iterator std::__find_if(_Iterator, _Iterator, _Predicate) [with _Iterator = char*; _Predicate = __gnu_cxx::__ops::_Iter_equals_val<const char [5]>]'
/home/eger/.linuxbrew/Cellar/gcc@8/8.2.0/include/c++/8.2.0/bits/stl_algo.h:3905:28:   required from '_IIter std::find(_IIter, _IIter, const _Tp&) [with _IIter = char*; _Tp = char [5]]'
src/http.cpp:215:104:   required from here
/home/eger/.linuxbrew/Cellar/gcc@8/8.2.0/include/c++/8.2.0/bits/predefined_ops.h:241:17: error: ISO C++ forbids comparison between pointer and integer [-fpermissive]
  { return *__it == _M_value; }
           ~~~~~~^~~~~~~~~~~
/home/eger/.linuxbrew/Cellar/gcc@8/8.2.0/include/c++/8.2.0/bits/predefined_ops.h: In instantiation of 'bool __gnu_cxx::__ops::_Iter_equals_val<_Value>::operator()(_Iterator) [with _Iterator = char*; _Value = const std::__cxx11::basic_string<char>]':
/home/eger/.linuxbrew/Cellar/gcc@8/8.2.0/include/c++/8.2.0/bits/stl_algo.h:120:14:   required from '_RandomAccessIterator std::__find_if(_RandomAccessIterator, _RandomAccessIterator, _Predicate, std::random_access_iterator_tag) [with _RandomAccessIterator = char*; _Predicate = __gnu_cxx::__ops::_Iter_equals_val<const std::__cxx11::basic_string<char> >]'
/home/eger/.linuxbrew/Cellar/gcc@8/8.2.0/include/c++/8.2.0/bits/stl_algo.h:161:23:   required from '_Iterator std::__find_if(_Iterator, _Iterator, _Predicate) [with _Iterator = char*; _Predicate = __gnu_cxx::__ops::_Iter_equals_val<const std::__cxx11::basic_string<char> >]'
/home/eger/.linuxbrew/Cellar/gcc@8/8.2.0/include/c++/8.2.0/bits/stl_algo.h:3905:28:   required from '_IIter std::find(_IIter, _IIter, const _Tp&) [with _IIter = char*; _Tp = std::__cxx11::basic_string<char>]'
src/http.cpp:220:113:   required from here
/home/eger/.linuxbrew/Cellar/gcc@8/8.2.0/include/c++/8.2.0/bits/predefined_ops.h:241:17: error: no match for 'operator==' (operand types are 'char' and 'const std::__cxx11::basic_string<char>')
In file included from /home/eger/.linuxbrew/Cellar/gcc@8/8.2.0/include/c++/8.2.0/bits/stl_algobase.h:67,
                 from /home/eger/.linuxbrew/Cellar/gcc@8/8.2.0/include/c++/8.2.0/bits/char_traits.h:39,
                 from /home/eger/.linuxbrew/Cellar/gcc@8/8.2.0/include/c++/8.2.0/ios:40,
                 from /home/eger/.linuxbrew/Cellar/gcc@8/8.2.0/include/c++/8.2.0/ostream:38,
                 from /home/eger/.linuxbrew/Cellar/gcc@8/8.2.0/include/c++/8.2.0/iostream:39,
                 from include/http.hpp:13,
                 from src/http.cpp:9:
/home/eger/.linuxbrew/Cellar/gcc@8/8.2.0/include/c++/8.2.0/bits/stl_iterator.h:860:5: note: candidate: 'template<class _IteratorL, class _IteratorR, class _Container> bool __gnu_cxx::operator==(const __gnu_cxx::__normal_iterator<_IteratorL, _Container>&, const __gnu_cxx::__normal_iterator<_IteratorR, _Container>&)'
     operator==(const __normal_iterator<_IteratorL, _Container>& __lhs,
     ^~~~~~~~
/home/eger/.linuxbrew/Cellar/gcc@8/8.2.0/include/c++/8.2.0/bits/stl_iterator.h:860:5: note:   template argument deduction/substitution failed:
In file included from /home/eger/.linuxbrew/Cellar/gcc@8/8.2.0/include/c++/8.2.0/bits/stl_algobase.h:71,
                 from /home/eger/.linuxbrew/Cellar/gcc@8/8.2.0/include/c++/8.2.0/bits/char_traits.h:39,
                 from /home/eger/.linuxbrew/Cellar/gcc@8/8.2.0/include/c++/8.2.0/ios:40,
                 from /home/eger/.linuxbrew/Cellar/gcc@8/8.2.0/include/c++/8.2.0/ostream:38,
                 from /home/eger/.linuxbrew/Cellar/gcc@8/8.2.0/include/c++/8.2.0/iostream:39,
                 from include/http.hpp:13,
                 from src/http.cpp:9:
/home/eger/.linuxbrew/Cellar/gcc@8/8.2.0/include/c++/8.2.0/bits/predefined_ops.h:241:17: note:   mismatched types 'const __gnu_cxx::__normal_iterator<_IteratorL, _Container>' and 'char'
  { return *__it == _M_value; }
           ~~~~~~^~~~~~~~~~~
In file included from /home/eger/.linuxbrew/Cellar/gcc@8/8.2.0/include/c++/8.2.0/bits/stl_algobase.h:67,
                 from /home/eger/.linuxbrew/Cellar/gcc@8/8.2.0/include/c++/8.2.0/bits/char_traits.h:39,
                 from /home/eger/.linuxbrew/Cellar/gcc@8/8.2.0/include/c++/8.2.0/ios:40,
                 from /home/eger/.linuxbrew/Cellar/gcc@8/8.2.0/include/c++/8.2.0/ostream:38,
                 from /home/eger/.linuxbrew/Cellar/gcc@8/8.2.0/include/c++/8.2.0/iostream:39,
                 from include/http.hpp:13,
                 from src/http.cpp:9:
/home/eger/.linuxbrew/Cellar/gcc@8/8.2.0/include/c++/8.2.0/bits/stl_iterator.h:867:5: note: candidate: 'template<class _Iterator, class _Container> bool __gnu_cxx::operator==(const __gnu_cxx::__normal_iterator<_Iterator, _Container>&, const __gnu_cxx::__normal_iterator<_Iterator, _Container>&)'
     operator==(const __normal_iterator<_Iterator, _Container>& __lhs,
     ^~~~~~~~
/home/eger/.linuxbrew/Cellar/gcc@8/8.2.0/include/c++/8.2.0/bits/stl_iterator.h:867:5: note:   template argument deduction/substitution failed:
In file included from /home/eger/.linuxbrew/Cellar/gcc@8/8.2.0/include/c++/8.2.0/bits/stl_algobase.h:71,
                 from /home/eger/.linuxbrew/Cellar/gcc@8/8.2.0/include/c++/8.2.0/bits/char_traits.h:39,
                 from /home/eger/.linuxbrew/Cellar/gcc@8/8.2.0/include/c++/8.2.0/ios:40,
                 from /home/eger/.linuxbrew/Cellar/gcc@8/8.2.0/include/c++/8.2.0/ostream:38,
                 from /home/eger/.linuxbrew/Cellar/gcc@8/8.2.0/include/c++/8.2.0/iostream:39,
                 from include/http.hpp:13,
                 from src/http.cpp:9:
/home/eger/.linuxbrew/Cellar/gcc@8/8.2.0/include/c++/8.2.0/bits/predefined_ops.h:241:17: note:   mismatched types 'const __gnu_cxx::__normal_iterator<_Iterator, _Container>' and 'char'
  { return *__it == _M_value; }
           ~~~~~~^~~~~~~~~~~
In file included from /home/eger/.linuxbrew/Cellar/gcc@8/8.2.0/include/c++/8.2.0/x86_64-pc-linux-gnu/bits/c++allocator.h:33,
                 from /home/eger/.linuxbrew/Cellar/gcc@8/8.2.0/include/c++/8.2.0/bits/allocator.h:46,
                 from /home/eger/.linuxbrew/Cellar/gcc@8/8.2.0/include/c++/8.2.0/string:41,
                 from /home/eger/.linuxbrew/Cellar/gcc@8/8.2.0/include/c++/8.2.0/bits/locale_classes.h:40,
                 from /home/eger/.linuxbrew/Cellar/gcc@8/8.2.0/include/c++/8.2.0/bits/ios_base.h:41,
                 from /home/eger/.linuxbrew/Cellar/gcc@8/8.2.0/include/c++/8.2.0/ios:42,
                 from /home/eger/.linuxbrew/Cellar/gcc@8/8.2.0/include/c++/8.2.0/ostream:38,
                 from /home/eger/.linuxbrew/Cellar/gcc@8/8.2.0/include/c++/8.2.0/iostream:39,
                 from include/http.hpp:13,
                 from src/http.cpp:9:
/home/eger/.linuxbrew/Cellar/gcc@8/8.2.0/include/c++/8.2.0/ext/new_allocator.h:155:5: note: candidate: 'template<class _Tp> bool __gnu_cxx::operator==(const __gnu_cxx::new_allocator<_Tp>&, const __gnu_cxx::new_allocator<_Tp>&)'
     operator==(const new_allocator<_Tp>&, const new_allocator<_Tp>&)
     ^~~~~~~~
/home/eger/.linuxbrew/Cellar/gcc@8/8.2.0/include/c++/8.2.0/ext/new_allocator.h:155:5: note:   template argument deduction/substitution failed:
In file included from /home/eger/.linuxbrew/Cellar/gcc@8/8.2.0/include/c++/8.2.0/bits/stl_algobase.h:71,
                 from /home/eger/.linuxbrew/Cellar/gcc@8/8.2.0/include/c++/8.2.0/bits/char_traits.h:39,
                 from /home/eger/.linuxbrew/Cellar/gcc@8/8.2.0/include/c++/8.2.0/ios:40,
                 from /home/eger/.linuxbrew/Cellar/gcc@8/8.2.0/include/c++/8.2.0/ostream:38,
                 from /home/eger/.linuxbrew/Cellar/gcc@8/8.2.0/include/c++/8.2.0/iostream:39,
                 from include/http.hpp:13,
                 from src/http.cpp:9:
/home/eger/.linuxbrew/Cellar/gcc@8/8.2.0/include/c++/8.2.0/bits/predefined_ops.h:241:17: note:   mismatched types 'const __gnu_cxx::new_allocator<_Tp>' and 'char'
  { return *__it == _M_value; }
           ~~~~~~^~~~~~~~~~~
In file included from /home/eger/.linuxbrew/Cellar/gcc@8/8.2.0/include/c++/8.2.0/regex:62,
                 from src/http.cpp:13:
/home/eger/.linuxbrew/Cellar/gcc@8/8.2.0/include/c++/8.2.0/bits/regex.h:980:5: note: candidate: 'template<class _BiIter> bool std::__cxx11::operator==(const std::__cxx11::sub_match<_BiIter>&, const std::__cxx11::sub_match<_BiIter>&)'
     operator==(const sub_match<_BiIter>& __lhs, const sub_match<_BiIter>& __rhs)
     ^~~~~~~~
/home/eger/.linuxbrew/Cellar/gcc@8/8.2.0/include/c++/8.2.0/bits/regex.h:980:5: note:   template argument deduction/substitution failed:
In file included from /home/eger/.linuxbrew/Cellar/gcc@8/8.2.0/include/c++/8.2.0/bits/stl_algobase.h:71,
                 from /home/eger/.linuxbrew/Cellar/gcc@8/8.2.0/include/c++/8.2.0/bits/char_traits.h:39,
                 from /home/eger/.linuxbrew/Cellar/gcc@8/8.2.0/include/c++/8.2.0/ios:40,
                 from /home/eger/.linuxbrew/Cellar/gcc@8/8.2.0/include/c++/8.2.0/ostream:38,
                 from /home/eger/.linuxbrew/Cellar/gcc@8/8.2.0/include/c++/8.2.0/iostream:39,
                 from include/http.hpp:13,
                 from src/http.cpp:9:
/home/eger/.linuxbrew/Cellar/gcc@8/8.2.0/include/c++/8.2.0/bits/predefined_ops.h:241:17: note:   mismatched types 'const std::__cxx11::sub_match<_BiIter>' and 'char'
  { return *__it == _M_value; }
           ~~~~~~^~~~~~~~~~~
In file included from /home/eger/.linuxbrew/Cellar/gcc@8/8.2.0/include/c++/8.2.0/regex:62,
                 from src/http.cpp:13:
/home/eger/.linuxbrew/Cellar/gcc@8/8.2.0/include/c++/8.2.0/bits/regex.h:1053:5: note: candidate: 'template<class _Bi_iter, class _Ch_traits, class _Ch_alloc> bool std::__cxx11::operator==(std::__cxx11::__sub_match_string<_Bi_iter, _Ch_traits, _Ch_alloc>&, const std::__cxx11::sub_match<_BiIter>&)'
     operator==(const __sub_match_string<_Bi_iter, _Ch_traits, _Ch_alloc>& __lhs,
     ^~~~~~~~
/home/eger/.linuxbrew/Cellar/gcc@8/8.2.0/include/c++/8.2.0/bits/regex.h:1053:5: note:   template argument deduction/substitution failed:
In file included from /home/eger/.linuxbrew/Cellar/gcc@8/8.2.0/include/c++/8.2.0/bits/stl_algobase.h:71,
                 from /home/eger/.linuxbrew/Cellar/gcc@8/8.2.0/include/c++/8.2.0/bits/char_traits.h:39,
                 from /home/eger/.linuxbrew/Cellar/gcc@8/8.2.0/include/c++/8.2.0/ios:40,
                 from /home/eger/.linuxbrew/Cellar/gcc@8/8.2.0/include/c++/8.2.0/ostream:38,
                 from /home/eger/.linuxbrew/Cellar/gcc@8/8.2.0/include/c++/8.2.0/iostream:39,
                 from include/http.hpp:13,
                 from src/http.cpp:9:
/home/eger/.linuxbrew/Cellar/gcc@8/8.2.0/include/c++/8.2.0/bits/predefined_ops.h:241:17: note:   mismatched types 'std::__cxx11::__sub_match_string<_Bi_iter, _Ch_traits, _Ch_alloc>' and 'char'
  { return *__it == _M_value; }
           ~~~~~~^~~~~~~~~~~
In file included from /home/eger/.linuxbrew/Cellar/gcc@8/8.2.0/include/c++/8.2.0/regex:62,
                 from src/http.cpp:13:
/home/eger/.linuxbrew/Cellar/gcc@8/8.2.0/include/c++/8.2.0/bits/regex.h:1133:5: note: candidate: 'template<class _Bi_iter, class _Ch_traits, class _Ch_alloc> bool std::__cxx11::operator==(const std::__cxx11::sub_match<_BiIter>&, std::__cxx11::__sub_match_string<_Bi_iter, _Ch_traits, _Ch_alloc>&)'
     operator==(const sub_match<_Bi_iter>& __lhs,
     ^~~~~~~~
/home/eger/.linuxbrew/Cellar/gcc@8/8.2.0/include/c++/8.2.0/bits/regex.h:1133:5: note:   template argument deduction/substitution failed:
In file included from /home/eger/.linuxbrew/Cellar/gcc@8/8.2.0/include/c++/8.2.0/bits/stl_algobase.h:71,
                 from /home/eger/.linuxbrew/Cellar/gcc@8/8.2.0/include/c++/8.2.0/bits/char_traits.h:39,
                 from /home/eger/.linuxbrew/Cellar/gcc@8/8.2.0/include/c++/8.2.0/ios:40,
                 from /home/eger/.linuxbrew/Cellar/gcc@8/8.2.0/include/c++/8.2.0/ostream:38,
                 from /home/eger/.linuxbrew/Cellar/gcc@8/8.2.0/include/c++/8.2.0/iostream:39,
                 from include/http.hpp:13,
                 from src/http.cpp:9:
/home/eger/.linuxbrew/Cellar/gcc@8/8.2.0/include/c++/8.2.0/bits/predefined_ops.h:241:17: note:   mismatched types 'const std::__cxx11::sub_match<_BiIter>' and 'char'
  { return *__it == _M_value; }
           ~~~~~~^~~~~~~~~~~
In file included from /home/eger/.linuxbrew/Cellar/gcc@8/8.2.0/include/c++/8.2.0/regex:62,
                 from src/http.cpp:13:
/home/eger/.linuxbrew/Cellar/gcc@8/8.2.0/include/c++/8.2.0/bits/regex.h:1213:5: note: candidate: 'template<class _Bi_iter> bool std::__cxx11::operator==(const typename std::iterator_traits<_Iter>::value_type*, const std::__cxx11::sub_match<_BiIter>&)'
     operator==(typename iterator_traits<_Bi_iter>::value_type const* __lhs,
     ^~~~~~~~
/home/eger/.linuxbrew/Cellar/gcc@8/8.2.0/include/c++/8.2.0/bits/regex.h:1213:5: note:   template argument deduction/substitution failed:
In file included from /home/eger/.linuxbrew/Cellar/gcc@8/8.2.0/include/c++/8.2.0/bits/stl_algobase.h:71,
                 from /home/eger/.linuxbrew/Cellar/gcc@8/8.2.0/include/c++/8.2.0/bits/char_traits.h:39,
                 from /home/eger/.linuxbrew/Cellar/gcc@8/8.2.0/include/c++/8.2.0/ios:40,
                 from /home/eger/.linuxbrew/Cellar/gcc@8/8.2.0/include/c++/8.2.0/ostream:38,
                 from /home/eger/.linuxbrew/Cellar/gcc@8/8.2.0/include/c++/8.2.0/iostream:39,
                 from include/http.hpp:13,
                 from src/http.cpp:9:
/home/eger/.linuxbrew/Cellar/gcc@8/8.2.0/include/c++/8.2.0/bits/predefined_ops.h:241:17: note:   'const std::__cxx11::basic_string<char>' is not derived from 'const std::__cxx11::sub_match<_BiIter>'
  { return *__it == _M_value; }
           ~~~~~~^~~~~~~~~~~
In file included from /home/eger/.linuxbrew/Cellar/gcc@8/8.2.0/include/c++/8.2.0/regex:62,
                 from src/http.cpp:13:
/home/eger/.linuxbrew/Cellar/gcc@8/8.2.0/include/c++/8.2.0/bits/regex.h:1287:5: note: candidate: 'template<class _Bi_iter> bool std::__cxx11::operator==(const std::__cxx11::sub_match<_BiIter>&, const typename std::iterator_traits<_Iter>::value_type*)'
     operator==(const sub_match<_Bi_iter>& __lhs,
     ^~~~~~~~
/home/eger/.linuxbrew/Cellar/gcc@8/8.2.0/include/c++/8.2.0/bits/regex.h:1287:5: note:   template argument deduction/substitution failed:
In file included from /home/eger/.linuxbrew/Cellar/gcc@8/8.2.0/include/c++/8.2.0/bits/stl_algobase.h:71,
                 from /home/eger/.linuxbrew/Cellar/gcc@8/8.2.0/include/c++/8.2.0/bits/char_traits.h:39,
                 from /home/eger/.linuxbrew/Cellar/gcc@8/8.2.0/include/c++/8.2.0/ios:40,
                 from /home/eger/.linuxbrew/Cellar/gcc@8/8.2.0/include/c++/8.2.0/ostream:38,
                 from /home/eger/.linuxbrew/Cellar/gcc@8/8.2.0/include/c++/8.2.0/iostream:39,
                 from include/http.hpp:13,
                 from src/http.cpp:9:
/home/eger/.linuxbrew/Cellar/gcc@8/8.2.0/include/c++/8.2.0/bits/predefined_ops.h:241:17: note:   mismatched types 'const std::__cxx11::sub_match<_BiIter>' and 'char'
  { return *__it == _M_value; }
           ~~~~~~^~~~~~~~~~~
In file included from /home/eger/.linuxbrew/Cellar/gcc@8/8.2.0/include/c++/8.2.0/regex:62,
                 from src/http.cpp:13:
/home/eger/.linuxbrew/Cellar/gcc@8/8.2.0/include/c++/8.2.0/bits/regex.h:1361:5: note: candidate: 'template<class _Bi_iter> bool std::__cxx11::operator==(const typename std::iterator_traits<_Iter>::value_type&, const std::__cxx11::sub_match<_BiIter>&)'
     operator==(typename iterator_traits<_Bi_iter>::value_type const& __lhs,
     ^~~~~~~~
/home/eger/.linuxbrew/Cellar/gcc@8/8.2.0/include/c++/8.2.0/bits/regex.h:1361:5: note:   template argument deduction/substitution failed:
In file included from /home/eger/.linuxbrew/Cellar/gcc@8/8.2.0/include/c++/8.2.0/bits/stl_algobase.h:71,
                 from /home/eger/.linuxbrew/Cellar/gcc@8/8.2.0/include/c++/8.2.0/bits/char_traits.h:39,
                 from /home/eger/.linuxbrew/Cellar/gcc@8/8.2.0/include/c++/8.2.0/ios:40,
                 from /home/eger/.linuxbrew/Cellar/gcc@8/8.2.0/include/c++/8.2.0/ostream:38,
                 from /home/eger/.linuxbrew/Cellar/gcc@8/8.2.0/include/c++/8.2.0/iostream:39,
                 from include/http.hpp:13,
                 from src/http.cpp:9:
/home/eger/.linuxbrew/Cellar/gcc@8/8.2.0/include/c++/8.2.0/bits/predefined_ops.h:241:17: note:   'const std::__cxx11::basic_string<char>' is not derived from 'const std::__cxx11::sub_match<_BiIter>'
  { return *__it == _M_value; }
           ~~~~~~^~~~~~~~~~~
In file included from /home/eger/.linuxbrew/Cellar/gcc@8/8.2.0/include/c++/8.2.0/regex:62,
                 from src/http.cpp:13:
/home/eger/.linuxbrew/Cellar/gcc@8/8.2.0/include/c++/8.2.0/bits/regex.h:1441:5: note: candidate: 'template<class _Bi_iter> bool std::__cxx11::operator==(const std::__cxx11::sub_match<_BiIter>&, const typename std::iterator_traits<_Iter>::value_type&)'
     operator==(const sub_match<_Bi_iter>& __lhs,
     ^~~~~~~~
/home/eger/.linuxbrew/Cellar/gcc@8/8.2.0/include/c++/8.2.0/bits/regex.h:1441:5: note:   template argument deduction/substitution failed:
In file included from /home/eger/.linuxbrew/Cellar/gcc@8/8.2.0/include/c++/8.2.0/bits/stl_algobase.h:71,
                 from /home/eger/.linuxbrew/Cellar/gcc@8/8.2.0/include/c++/8.2.0/bits/char_traits.h:39,
                 from /home/eger/.linuxbrew/Cellar/gcc@8/8.2.0/include/c++/8.2.0/ios:40,
                 from /home/eger/.linuxbrew/Cellar/gcc@8/8.2.0/include/c++/8.2.0/ostream:38,
                 from /home/eger/.linuxbrew/Cellar/gcc@8/8.2.0/include/c++/8.2.0/iostream:39,
                 from include/http.hpp:13,
                 from src/http.cpp:9:
/home/eger/.linuxbrew/Cellar/gcc@8/8.2.0/include/c++/8.2.0/bits/predefined_ops.h:241:17: note:   mismatched types 'const std::__cxx11::sub_match<_BiIter>' and 'char'
  { return *__it == _M_value; }
           ~~~~~~^~~~~~~~~~~
In file included from /home/eger/.linuxbrew/Cellar/gcc@8/8.2.0/include/c++/8.2.0/regex:62,
                 from src/http.cpp:13:
/home/eger/.linuxbrew/Cellar/gcc@8/8.2.0/include/c++/8.2.0/bits/regex.h:1957:5: note: candidate: 'template<class _Bi_iter, class _Alloc> bool std::__cxx11::operator==(const std::__cxx11::match_results<_BiIter, _Alloc>&, const std::__cxx11::match_results<_BiIter, _Alloc>&)'
     operator==(const match_results<_Bi_iter, _Alloc>& __m1,
     ^~~~~~~~
/home/eger/.linuxbrew/Cellar/gcc@8/8.2.0/include/c++/8.2.0/bits/regex.h:1957:5: note:   template argument deduction/substitution failed:
In file included from /home/eger/.linuxbrew/Cellar/gcc@8/8.2.0/include/c++/8.2.0/bits/stl_algobase.h:71,
                 from /home/eger/.linuxbrew/Cellar/gcc@8/8.2.0/include/c++/8.2.0/bits/char_traits.h:39,
                 from /home/eger/.linuxbrew/Cellar/gcc@8/8.2.0/include/c++/8.2.0/ios:40,
                 from /home/eger/.linuxbrew/Cellar/gcc@8/8.2.0/include/c++/8.2.0/ostream:38,
                 from /home/eger/.linuxbrew/Cellar/gcc@8/8.2.0/include/c++/8.2.0/iostream:39,
                 from include/http.hpp:13,
                 from src/http.cpp:9:
/home/eger/.linuxbrew/Cellar/gcc@8/8.2.0/include/c++/8.2.0/bits/predefined_ops.h:241:17: note:   mismatched types 'const std::__cxx11::match_results<_BiIter, _Alloc>' and 'char'
  { return *__it == _M_value; }
           ~~~~~~^~~~~~~~~~~
In file included from /home/eger/.linuxbrew/Cellar/gcc@8/8.2.0/include/c++/8.2.0/iosfwd:40,
                 from /home/eger/.linuxbrew/Cellar/gcc@8/8.2.0/include/c++/8.2.0/ios:38,
                 from /home/eger/.linuxbrew/Cellar/gcc@8/8.2.0/include/c++/8.2.0/ostream:38,
                 from /home/eger/.linuxbrew/Cellar/gcc@8/8.2.0/include/c++/8.2.0/iostream:39,
                 from include/http.hpp:13,
                 from src/http.cpp:9:
/home/eger/.linuxbrew/Cellar/gcc@8/8.2.0/include/c++/8.2.0/bits/postypes.h:216:5: note: candidate: 'template<class _StateT> bool std::operator==(const std::fpos<_StateT>&, const std::fpos<_StateT>&)'
     operator==(const fpos<_StateT>& __lhs, const fpos<_StateT>& __rhs)
     ^~~~~~~~
/home/eger/.linuxbrew/Cellar/gcc@8/8.2.0/include/c++/8.2.0/bits/postypes.h:216:5: note:   template argument deduction/substitution failed:
In file included from /home/eger/.linuxbrew/Cellar/gcc@8/8.2.0/include/c++/8.2.0/bits/stl_algobase.h:71,
                 from /home/eger/.linuxbrew/Cellar/gcc@8/8.2.0/include/c++/8.2.0/bits/char_traits.h:39,
                 from /home/eger/.linuxbrew/Cellar/gcc@8/8.2.0/include/c++/8.2.0/ios:40,
                 from /home/eger/.linuxbrew/Cellar/gcc@8/8.2.0/include/c++/8.2.0/ostream:38,
                 from /home/eger/.linuxbrew/Cellar/gcc@8/8.2.0/include/c++/8.2.0/iostream:39,
                 from include/http.hpp:13,
                 from src/http.cpp:9:
/home/eger/.linuxbrew/Cellar/gcc@8/8.2.0/include/c++/8.2.0/bits/predefined_ops.h:241:17: note:   mismatched types 'const std::fpos<_StateT>' and 'char'
  { return *__it == _M_value; }
           ~~~~~~^~~~~~~~~~~
In file included from /home/eger/.linuxbrew/Cellar/gcc@8/8.2.0/include/c++/8.2.0/bits/stl_algobase.h:64,
                 from /home/eger/.linuxbrew/Cellar/gcc@8/8.2.0/include/c++/8.2.0/bits/char_traits.h:39,
                 from /home/eger/.linuxbrew/Cellar/gcc@8/8.2.0/include/c++/8.2.0/ios:40,
                 from /home/eger/.linuxbrew/Cellar/gcc@8/8.2.0/include/c++/8.2.0/ostream:38,
                 from /home/eger/.linuxbrew/Cellar/gcc@8/8.2.0/include/c++/8.2.0/iostream:39,
                 from include/http.hpp:13,
                 from src/http.cpp:9:
/home/eger/.linuxbrew/Cellar/gcc@8/8.2.0/include/c++/8.2.0/bits/stl_pair.h:443:5: note: candidate: 'template<class _T1, class _T2> constexpr bool std::operator==(const std::pair<_T1, _T2>&, const std::pair<_T1, _T2>&)'
     operator==(const pair<_T1, _T2>& __x, const pair<_T1, _T2>& __y)
     ^~~~~~~~
/home/eger/.linuxbrew/Cellar/gcc@8/8.2.0/include/c++/8.2.0/bits/stl_pair.h:443:5: note:   template argument deduction/substitution failed:
In file included from /home/eger/.linuxbrew/Cellar/gcc@8/8.2.0/include/c++/8.2.0/bits/stl_algobase.h:71,
                 from /home/eger/.linuxbrew/Cellar/gcc@8/8.2.0/include/c++/8.2.0/bits/char_traits.h:39,
                 from /home/eger/.linuxbrew/Cellar/gcc@8/8.2.0/include/c++/8.2.0/ios:40,
                 from /home/eger/.linuxbrew/Cellar/gcc@8/8.2.0/include/c++/8.2.0/ostream:38,
                 from /home/eger/.linuxbrew/Cellar/gcc@8/8.2.0/include/c++/8.2.0/iostream:39,
                 from include/http.hpp:13,
                 from src/http.cpp:9:
/home/eger/.linuxbrew/Cellar/gcc@8/8.2.0/include/c++/8.2.0/bits/predefined_ops.h:241:17: note:   mismatched types 'const std::pair<_T1, _T2>' and 'char'
  { return *__it == _M_value; }
           ~~~~~~^~~~~~~~~~~
In file included from /home/eger/.linuxbrew/Cellar/gcc@8/8.2.0/include/c++/8.2.0/bits/stl_algobase.h:67,
                 from /home/eger/.linuxbrew/Cellar/gcc@8/8.2.0/include/c++/8.2.0/bits/char_traits.h:39,
                 from /home/eger/.linuxbrew/Cellar/gcc@8/8.2.0/include/c++/8.2.0/ios:40,
                 from /home/eger/.linuxbrew/Cellar/gcc@8/8.2.0/include/c++/8.2.0/ostream:38,
                 from /home/eger/.linuxbrew/Cellar/gcc@8/8.2.0/include/c++/8.2.0/iostream:39,
                 from include/http.hpp:13,
                 from src/http.cpp:9:
/home/eger/.linuxbrew/Cellar/gcc@8/8.2.0/include/c++/8.2.0/bits/stl_iterator.h:299:5: note: candidate: 'template<class _Iterator> constexpr bool std::operator==(const std::reverse_iterator<_Iterator>&, const std::reverse_iterator<_Iterator>&)'
     operator==(const reverse_iterator<_Iterator>& __x,
     ^~~~~~~~
/home/eger/.linuxbrew/Cellar/gcc@8/8.2.0/include/c++/8.2.0/bits/stl_iterator.h:299:5: note:   template argument deduction/substitution failed:
In file included from /home/eger/.linuxbrew/Cellar/gcc@8/8.2.0/include/c++/8.2.0/bits/stl_algobase.h:71,
                 from /home/eger/.linuxbrew/Cellar/gcc@8/8.2.0/include/c++/8.2.0/bits/char_traits.h:39,
                 from /home/eger/.linuxbrew/Cellar/gcc@8/8.2.0/include/c++/8.2.0/ios:40,
                 from /home/eger/.linuxbrew/Cellar/gcc@8/8.2.0/include/c++/8.2.0/ostream:38,
                 from /home/eger/.linuxbrew/Cellar/gcc@8/8.2.0/include/c++/8.2.0/iostream:39,
                 from include/http.hpp:13,
                 from src/http.cpp:9:
/home/eger/.linuxbrew/Cellar/gcc@8/8.2.0/include/c++/8.2.0/bits/predefined_ops.h:241:17: note:   mismatched types 'const std::reverse_iterator<_Iterator>' and 'char'
  { return *__it == _M_value; }
           ~~~~~~^~~~~~~~~~~
In file included from /home/eger/.linuxbrew/Cellar/gcc@8/8.2.0/include/c++/8.2.0/bits/stl_algobase.h:67,
                 from /home/eger/.linuxbrew/Cellar/gcc@8/8.2.0/include/c++/8.2.0/bits/char_traits.h:39,
                 from /home/eger/.linuxbrew/Cellar/gcc@8/8.2.0/include/c++/8.2.0/ios:40,
                 from /home/eger/.linuxbrew/Cellar/gcc@8/8.2.0/include/c++/8.2.0/ostream:38,
                 from /home/eger/.linuxbrew/Cellar/gcc@8/8.2.0/include/c++/8.2.0/iostream:39,
                 from include/http.hpp:13,
                 from src/http.cpp:9:
/home/eger/.linuxbrew/Cellar/gcc@8/8.2.0/include/c++/8.2.0/bits/stl_iterator.h:337:5: note: candidate: 'template<class _IteratorL, class _IteratorR> constexpr bool std::operator==(const std::reverse_iterator<_Iterator>&, const std::reverse_iterator<_IteratorR>&)'
     operator==(const reverse_iterator<_IteratorL>& __x,
     ^~~~~~~~
/home/eger/.linuxbrew/Cellar/gcc@8/8.2.0/include/c++/8.2.0/bits/stl_iterator.h:337:5: note:   template argument deduction/substitution failed:
In file included from /home/eger/.linuxbrew/Cellar/gcc@8/8.2.0/include/c++/8.2.0/bits/stl_algobase.h:71,
                 from /home/eger/.linuxbrew/Cellar/gcc@8/8.2.0/include/c++/8.2.0/bits/char_traits.h:39,
                 from /home/eger/.linuxbrew/Cellar/gcc@8/8.2.0/include/c++/8.2.0/ios:40,
                 from /home/eger/.linuxbrew/Cellar/gcc@8/8.2.0/include/c++/8.2.0/ostream:38,
                 from /home/eger/.linuxbrew/Cellar/gcc@8/8.2.0/include/c++/8.2.0/iostream:39,
                 from include/http.hpp:13,
                 from src/http.cpp:9:
/home/eger/.linuxbrew/Cellar/gcc@8/8.2.0/include/c++/8.2.0/bits/predefined_ops.h:241:17: note:   mismatched types 'const std::reverse_iterator<_Iterator>' and 'char'
  { return *__it == _M_value; }
           ~~~~~~^~~~~~~~~~~
In file included from /home/eger/.linuxbrew/Cellar/gcc@8/8.2.0/include/c++/8.2.0/bits/stl_algobase.h:67,
                 from /home/eger/.linuxbrew/Cellar/gcc@8/8.2.0/include/c++/8.2.0/bits/char_traits.h:39,
                 from /home/eger/.linuxbrew/Cellar/gcc@8/8.2.0/include/c++/8.2.0/ios:40,
                 from /home/eger/.linuxbrew/Cellar/gcc@8/8.2.0/include/c++/8.2.0/ostream:38,
                 from /home/eger/.linuxbrew/Cellar/gcc@8/8.2.0/include/c++/8.2.0/iostream:39,
                 from include/http.hpp:13,
                 from src/http.cpp:9:
/home/eger/.linuxbrew/Cellar/gcc@8/8.2.0/include/c++/8.2.0/bits/stl_iterator.h:1112:5: note: candidate: 'template<class _IteratorL, class _IteratorR> constexpr bool std::operator==(const std::move_iterator<_IteratorL>&, const std::move_iterator<_IteratorR>&)'
     operator==(const move_iterator<_IteratorL>& __x,
     ^~~~~~~~
/home/eger/.linuxbrew/Cellar/gcc@8/8.2.0/include/c++/8.2.0/bits/stl_iterator.h:1112:5: note:   template argument deduction/substitution failed:
In file included from /home/eger/.linuxbrew/Cellar/gcc@8/8.2.0/include/c++/8.2.0/bits/stl_algobase.h:71,
                 from /home/eger/.linuxbrew/Cellar/gcc@8/8.2.0/include/c++/8.2.0/bits/char_traits.h:39,
                 from /home/eger/.linuxbrew/Cellar/gcc@8/8.2.0/include/c++/8.2.0/ios:40,
                 from /home/eger/.linuxbrew/Cellar/gcc@8/8.2.0/include/c++/8.2.0/ostream:38,
                 from /home/eger/.linuxbrew/Cellar/gcc@8/8.2.0/include/c++/8.2.0/iostream:39,
                 from include/http.hpp:13,
                 from src/http.cpp:9:
/home/eger/.linuxbrew/Cellar/gcc@8/8.2.0/include/c++/8.2.0/bits/predefined_ops.h:241:17: note:   mismatched types 'const std::move_iterator<_IteratorL>' and 'char'
  { return *__it == _M_value; }
           ~~~~~~^~~~~~~~~~~
In file included from /home/eger/.linuxbrew/Cellar/gcc@8/8.2.0/include/c++/8.2.0/bits/stl_algobase.h:67,
                 from /home/eger/.linuxbrew/Cellar/gcc@8/8.2.0/include/c++/8.2.0/bits/char_traits.h:39,
                 from /home/eger/.linuxbrew/Cellar/gcc@8/8.2.0/include/c++/8.2.0/ios:40,
                 from /home/eger/.linuxbrew/Cellar/gcc@8/8.2.0/include/c++/8.2.0/ostream:38,
                 from /home/eger/.linuxbrew/Cellar/gcc@8/8.2.0/include/c++/8.2.0/iostream:39,
                 from include/http.hpp:13,
                 from src/http.cpp:9:
/home/eger/.linuxbrew/Cellar/gcc@8/8.2.0/include/c++/8.2.0/bits/stl_iterator.h:1118:5: note: candidate: 'template<class _Iterator> constexpr bool std::operator==(const std::move_iterator<_IteratorL>&, const std::move_iterator<_IteratorL>&)'
     operator==(const move_iterator<_Iterator>& __x,
     ^~~~~~~~
/home/eger/.linuxbrew/Cellar/gcc@8/8.2.0/include/c++/8.2.0/bits/stl_iterator.h:1118:5: note:   template argument deduction/substitution failed:
In file included from /home/eger/.linuxbrew/Cellar/gcc@8/8.2.0/include/c++/8.2.0/bits/stl_algobase.h:71,
                 from /home/eger/.linuxbrew/Cellar/gcc@8/8.2.0/include/c++/8.2.0/bits/char_traits.h:39,
                 from /home/eger/.linuxbrew/Cellar/gcc@8/8.2.0/include/c++/8.2.0/ios:40,
                 from /home/eger/.linuxbrew/Cellar/gcc@8/8.2.0/include/c++/8.2.0/ostream:38,
                 from /home/eger/.linuxbrew/Cellar/gcc@8/8.2.0/include/c++/8.2.0/iostream:39,
                 from include/http.hpp:13,
                 from src/http.cpp:9:
/home/eger/.linuxbrew/Cellar/gcc@8/8.2.0/include/c++/8.2.0/bits/predefined_ops.h:241:17: note:   mismatched types 'const std::move_iterator<_IteratorL>' and 'char'
  { return *__it == _M_value; }
           ~~~~~~^~~~~~~~~~~
In file included from /home/eger/.linuxbrew/Cellar/gcc@8/8.2.0/include/c++/8.2.0/string:41,
                 from /home/eger/.linuxbrew/Cellar/gcc@8/8.2.0/include/c++/8.2.0/bits/locale_classes.h:40,
                 from /home/eger/.linuxbrew/Cellar/gcc@8/8.2.0/include/c++/8.2.0/bits/ios_base.h:41,
                 from /home/eger/.linuxbrew/Cellar/gcc@8/8.2.0/include/c++/8.2.0/ios:42,
                 from /home/eger/.linuxbrew/Cellar/gcc@8/8.2.0/include/c++/8.2.0/ostream:38,
                 from /home/eger/.linuxbrew/Cellar/gcc@8/8.2.0/include/c++/8.2.0/iostream:39,
                 from include/http.hpp:13,
                 from src/http.cpp:9:
/home/eger/.linuxbrew/Cellar/gcc@8/8.2.0/include/c++/8.2.0/bits/allocator.h:146:5: note: candidate: 'template<class _T1, class _T2> bool std::operator==(const std::allocator<_CharT>&, const std::allocator<_T2>&)'
     operator==(const allocator<_T1>&, const allocator<_T2>&)
     ^~~~~~~~
/home/eger/.linuxbrew/Cellar/gcc@8/8.2.0/include/c++/8.2.0/bits/allocator.h:146:5: note:   template argument deduction/substitution failed:
In file included from /home/eger/.linuxbrew/Cellar/gcc@8/8.2.0/include/c++/8.2.0/bits/stl_algobase.h:71,
                 from /home/eger/.linuxbrew/Cellar/gcc@8/8.2.0/include/c++/8.2.0/bits/char_traits.h:39,
                 from /home/eger/.linuxbrew/Cellar/gcc@8/8.2.0/include/c++/8.2.0/ios:40,
                 from /home/eger/.linuxbrew/Cellar/gcc@8/8.2.0/include/c++/8.2.0/ostream:38,
                 from /home/eger/.linuxbrew/Cellar/gcc@8/8.2.0/include/c++/8.2.0/iostream:39,
                 from include/http.hpp:13,
                 from src/http.cpp:9:
/home/eger/.linuxbrew/Cellar/gcc@8/8.2.0/include/c++/8.2.0/bits/predefined_ops.h:241:17: note:   mismatched types 'const std::allocator<_CharT>' and 'char'
  { return *__it == _M_value; }
           ~~~~~~^~~~~~~~~~~
In file included from /home/eger/.linuxbrew/Cellar/gcc@8/8.2.0/include/c++/8.2.0/string:41,
                 from /home/eger/.linuxbrew/Cellar/gcc@8/8.2.0/include/c++/8.2.0/bits/locale_classes.h:40,
                 from /home/eger/.linuxbrew/Cellar/gcc@8/8.2.0/include/c++/8.2.0/bits/ios_base.h:41,
                 from /home/eger/.linuxbrew/Cellar/gcc@8/8.2.0/include/c++/8.2.0/ios:42,
                 from /home/eger/.linuxbrew/Cellar/gcc@8/8.2.0/include/c++/8.2.0/ostream:38,
                 from /home/eger/.linuxbrew/Cellar/gcc@8/8.2.0/include/c++/8.2.0/iostream:39,
                 from include/http.hpp:13,
                 from src/http.cpp:9:
/home/eger/.linuxbrew/Cellar/gcc@8/8.2.0/include/c++/8.2.0/bits/allocator.h:152:5: note: candidate: 'template<class _Tp> bool std::operator==(const std::allocator<_CharT>&, const std::allocator<_CharT>&)'
     operator==(const allocator<_Tp>&, const allocator<_Tp>&)
     ^~~~~~~~
/home/eger/.linuxbrew/Cellar/gcc@8/8.2.0/include/c++/8.2.0/bits/allocator.h:152:5: note:   template argument deduction/substitution failed:
In file included from /home/eger/.linuxbrew/Cellar/gcc@8/8.2.0/include/c++/8.2.0/bits/stl_algobase.h:71,
                 from /home/eger/.linuxbrew/Cellar/gcc@8/8.2.0/include/c++/8.2.0/bits/char_traits.h:39,
                 from /home/eger/.linuxbrew/Cellar/gcc@8/8.2.0/include/c++/8.2.0/ios:40,
                 from /home/eger/.linuxbrew/Cellar/gcc@8/8.2.0/include/c++/8.2.0/ostream:38,
                 from /home/eger/.linuxbrew/Cellar/gcc@8/8.2.0/include/c++/8.2.0/iostream:39,
                 from include/http.hpp:13,
                 from src/http.cpp:9:
/home/eger/.linuxbrew/Cellar/gcc@8/8.2.0/include/c++/8.2.0/bits/predefined_ops.h:241:17: note:   mismatched types 'const std::allocator<_CharT>' and 'char'
  { return *__it == _M_value; }
           ~~~~~~^~~~~~~~~~~
In file included from /home/eger/.linuxbrew/Cellar/gcc@8/8.2.0/include/c++/8.2.0/bits/basic_string.h:48,
                 from /home/eger/.linuxbrew/Cellar/gcc@8/8.2.0/include/c++/8.2.0/string:52,
                 from /home/eger/.linuxbrew/Cellar/gcc@8/8.2.0/include/c++/8.2.0/bits/locale_classes.h:40,
                 from /home/eger/.linuxbrew/Cellar/gcc@8/8.2.0/include/c++/8.2.0/bits/ios_base.h:41,
                 from /home/eger/.linuxbrew/Cellar/gcc@8/8.2.0/include/c++/8.2.0/ios:42,
                 from /home/eger/.linuxbrew/Cellar/gcc@8/8.2.0/include/c++/8.2.0/ostream:38,
                 from /home/eger/.linuxbrew/Cellar/gcc@8/8.2.0/include/c++/8.2.0/iostream:39,
                 from include/http.hpp:13,
                 from src/http.cpp:9:
/home/eger/.linuxbrew/Cellar/gcc@8/8.2.0/include/c++/8.2.0/string_view:436:5: note: candidate: 'template<class _CharT, class _Traits> constexpr bool std::operator==(std::basic_string_view<_CharT, _Traits>, std::basic_string_view<_CharT, _Traits>)'
     operator==(basic_string_view<_CharT, _Traits> __x,
     ^~~~~~~~
/home/eger/.linuxbrew/Cellar/gcc@8/8.2.0/include/c++/8.2.0/string_view:436:5: note:   template argument deduction/substitution failed:
In file included from /home/eger/.linuxbrew/Cellar/gcc@8/8.2.0/include/c++/8.2.0/bits/stl_algobase.h:71,
                 from /home/eger/.linuxbrew/Cellar/gcc@8/8.2.0/include/c++/8.2.0/bits/char_traits.h:39,
                 from /home/eger/.linuxbrew/Cellar/gcc@8/8.2.0/include/c++/8.2.0/ios:40,
                 from /home/eger/.linuxbrew/Cellar/gcc@8/8.2.0/include/c++/8.2.0/ostream:38,
                 from /home/eger/.linuxbrew/Cellar/gcc@8/8.2.0/include/c++/8.2.0/iostream:39,
                 from include/http.hpp:13,
                 from src/http.cpp:9:
/home/eger/.linuxbrew/Cellar/gcc@8/8.2.0/include/c++/8.2.0/bits/predefined_ops.h:241:17: note:   mismatched types 'std::basic_string_view<_CharT, _Traits>' and 'char'
  { return *__it == _M_value; }
           ~~~~~~^~~~~~~~~~~
In file included from /home/eger/.linuxbrew/Cellar/gcc@8/8.2.0/include/c++/8.2.0/bits/basic_string.h:48,
                 from /home/eger/.linuxbrew/Cellar/gcc@8/8.2.0/include/c++/8.2.0/string:52,
                 from /home/eger/.linuxbrew/Cellar/gcc@8/8.2.0/include/c++/8.2.0/bits/locale_classes.h:40,
                 from /home/eger/.linuxbrew/Cellar/gcc@8/8.2.0/include/c++/8.2.0/bits/ios_base.h:41,
                 from /home/eger/.linuxbrew/Cellar/gcc@8/8.2.0/include/c++/8.2.0/ios:42,
                 from /home/eger/.linuxbrew/Cellar/gcc@8/8.2.0/include/c++/8.2.0/ostream:38,
                 from /home/eger/.linuxbrew/Cellar/gcc@8/8.2.0/include/c++/8.2.0/iostream:39,
                 from include/http.hpp:13,
                 from src/http.cpp:9:
/home/eger/.linuxbrew/Cellar/gcc@8/8.2.0/include/c++/8.2.0/string_view:442:5: note: candidate: 'template<class _CharT, class _Traits> constexpr bool std::operator==(std::basic_string_view<_CharT, _Traits>, std::__detail::__idt<std::basic_string_view<_CharT, _Traits> >)'
     operator==(basic_string_view<_CharT, _Traits> __x,
     ^~~~~~~~
/home/eger/.linuxbrew/Cellar/gcc@8/8.2.0/include/c++/8.2.0/string_view:442:5: note:   template argument deduction/substitution failed:
In file included from /home/eger/.linuxbrew/Cellar/gcc@8/8.2.0/include/c++/8.2.0/bits/stl_algobase.h:71,
                 from /home/eger/.linuxbrew/Cellar/gcc@8/8.2.0/include/c++/8.2.0/bits/char_traits.h:39,
                 from /home/eger/.linuxbrew/Cellar/gcc@8/8.2.0/include/c++/8.2.0/ios:40,
                 from /home/eger/.linuxbrew/Cellar/gcc@8/8.2.0/include/c++/8.2.0/ostream:38,
                 from /home/eger/.linuxbrew/Cellar/gcc@8/8.2.0/include/c++/8.2.0/iostream:39,
                 from include/http.hpp:13,
                 from src/http.cpp:9:
/home/eger/.linuxbrew/Cellar/gcc@8/8.2.0/include/c++/8.2.0/bits/predefined_ops.h:241:17: note:   mismatched types 'std::basic_string_view<_CharT, _Traits>' and 'char'
  { return *__it == _M_value; }
           ~~~~~~^~~~~~~~~~~
In file included from /home/eger/.linuxbrew/Cellar/gcc@8/8.2.0/include/c++/8.2.0/bits/basic_string.h:48,
                 from /home/eger/.linuxbrew/Cellar/gcc@8/8.2.0/include/c++/8.2.0/string:52,
                 from /home/eger/.linuxbrew/Cellar/gcc@8/8.2.0/include/c++/8.2.0/bits/locale_classes.h:40,
                 from /home/eger/.linuxbrew/Cellar/gcc@8/8.2.0/include/c++/8.2.0/bits/ios_base.h:41,
                 from /home/eger/.linuxbrew/Cellar/gcc@8/8.2.0/include/c++/8.2.0/ios:42,
                 from /home/eger/.linuxbrew/Cellar/gcc@8/8.2.0/include/c++/8.2.0/ostream:38,
                 from /home/eger/.linuxbrew/Cellar/gcc@8/8.2.0/include/c++/8.2.0/iostream:39,
                 from include/http.hpp:13,
                 from src/http.cpp:9:
/home/eger/.linuxbrew/Cellar/gcc@8/8.2.0/include/c++/8.2.0/string_view:448:5: note: candidate: 'template<class _CharT, class _Traits> constexpr bool std::operator==(std::__detail::__idt<std::basic_string_view<_CharT, _Traits> >, std::basic_string_view<_CharT, _Traits>)'
     operator==(__detail::__idt<basic_string_view<_CharT, _Traits>> __x,
     ^~~~~~~~
/home/eger/.linuxbrew/Cellar/gcc@8/8.2.0/include/c++/8.2.0/string_view:448:5: note:   template argument deduction/substitution failed:
In file included from /home/eger/.linuxbrew/Cellar/gcc@8/8.2.0/include/c++/8.2.0/bits/stl_algobase.h:71,
                 from /home/eger/.linuxbrew/Cellar/gcc@8/8.2.0/include/c++/8.2.0/bits/char_traits.h:39,
                 from /home/eger/.linuxbrew/Cellar/gcc@8/8.2.0/include/c++/8.2.0/ios:40,
                 from /home/eger/.linuxbrew/Cellar/gcc@8/8.2.0/include/c++/8.2.0/ostream:38,
                 from /home/eger/.linuxbrew/Cellar/gcc@8/8.2.0/include/c++/8.2.0/iostream:39,
                 from include/http.hpp:13,
                 from src/http.cpp:9:
/home/eger/.linuxbrew/Cellar/gcc@8/8.2.0/include/c++/8.2.0/bits/predefined_ops.h:241:17: note:   'std::__cxx11::basic_string<char>' is not derived from 'std::basic_string_view<_CharT, _Traits>'
  { return *__it == _M_value; }
           ~~~~~~^~~~~~~~~~~
In file included from /home/eger/.linuxbrew/Cellar/gcc@8/8.2.0/include/c++/8.2.0/string:52,
                 from /home/eger/.linuxbrew/Cellar/gcc@8/8.2.0/include/c++/8.2.0/bits/locale_classes.h:40,
                 from /home/eger/.linuxbrew/Cellar/gcc@8/8.2.0/include/c++/8.2.0/bits/ios_base.h:41,
                 from /home/eger/.linuxbrew/Cellar/gcc@8/8.2.0/include/c++/8.2.0/ios:42,
                 from /home/eger/.linuxbrew/Cellar/gcc@8/8.2.0/include/c++/8.2.0/ostream:38,
                 from /home/eger/.linuxbrew/Cellar/gcc@8/8.2.0/include/c++/8.2.0/iostream:39,
                 from include/http.hpp:13,
                 from src/http.cpp:9:
/home/eger/.linuxbrew/Cellar/gcc@8/8.2.0/include/c++/8.2.0/bits/basic_string.h:6039:5: note: candidate: 'template<class _CharT, class _Traits, class _Alloc> bool std::operator==(const std::__cxx11::basic_string<_CharT, _Traits, _Allocator>&, const std::__cxx11::basic_string<_CharT, _Traits, _Allocator>&)'
     operator==(const basic_string<_CharT, _Traits, _Alloc>& __lhs,
     ^~~~~~~~
/home/eger/.linuxbrew/Cellar/gcc@8/8.2.0/include/c++/8.2.0/bits/basic_string.h:6039:5: note:   template argument deduction/substitution failed:
In file included from /home/eger/.linuxbrew/Cellar/gcc@8/8.2.0/include/c++/8.2.0/bits/stl_algobase.h:71,
                 from /home/eger/.linuxbrew/Cellar/gcc@8/8.2.0/include/c++/8.2.0/bits/char_traits.h:39,
                 from /home/eger/.linuxbrew/Cellar/gcc@8/8.2.0/include/c++/8.2.0/ios:40,
                 from /home/eger/.linuxbrew/Cellar/gcc@8/8.2.0/include/c++/8.2.0/ostream:38,
                 from /home/eger/.linuxbrew/Cellar/gcc@8/8.2.0/include/c++/8.2.0/iostream:39,
                 from include/http.hpp:13,
                 from src/http.cpp:9:
/home/eger/.linuxbrew/Cellar/gcc@8/8.2.0/include/c++/8.2.0/bits/predefined_ops.h:241:17: note:   mismatched types 'const std::__cxx11::basic_string<_CharT, _Traits, _Allocator>' and 'char'
  { return *__it == _M_value; }
           ~~~~~~^~~~~~~~~~~
In file included from /home/eger/.linuxbrew/Cellar/gcc@8/8.2.0/include/c++/8.2.0/string:52,
                 from /home/eger/.linuxbrew/Cellar/gcc@8/8.2.0/include/c++/8.2.0/bits/locale_classes.h:40,
                 from /home/eger/.linuxbrew/Cellar/gcc@8/8.2.0/include/c++/8.2.0/bits/ios_base.h:41,
                 from /home/eger/.linuxbrew/Cellar/gcc@8/8.2.0/include/c++/8.2.0/ios:42,
                 from /home/eger/.linuxbrew/Cellar/gcc@8/8.2.0/include/c++/8.2.0/ostream:38,
                 from /home/eger/.linuxbrew/Cellar/gcc@8/8.2.0/include/c++/8.2.0/iostream:39,
                 from include/http.hpp:13,
                 from src/http.cpp:9:
/home/eger/.linuxbrew/Cellar/gcc@8/8.2.0/include/c++/8.2.0/bits/basic_string.h:6047:5: note: candidate: 'template<class _CharT> typename __gnu_cxx::__enable_if<std::__is_char<_Tp>::__value, bool>::__type std::operator==(const std::__cxx11::basic_string<_CharT>&, const std::__cxx11::basic_string<_CharT>&)'
     operator==(const basic_string<_CharT>& __lhs,
     ^~~~~~~~
/home/eger/.linuxbrew/Cellar/gcc@8/8.2.0/include/c++/8.2.0/bits/basic_string.h:6047:5: note:   template argument deduction/substitution failed:
In file included from /home/eger/.linuxbrew/Cellar/gcc@8/8.2.0/include/c++/8.2.0/bits/stl_algobase.h:71,
                 from /home/eger/.linuxbrew/Cellar/gcc@8/8.2.0/include/c++/8.2.0/bits/char_traits.h:39,
                 from /home/eger/.linuxbrew/Cellar/gcc@8/8.2.0/include/c++/8.2.0/ios:40,
                 from /home/eger/.linuxbrew/Cellar/gcc@8/8.2.0/include/c++/8.2.0/ostream:38,
                 from /home/eger/.linuxbrew/Cellar/gcc@8/8.2.0/include/c++/8.2.0/iostream:39,
                 from include/http.hpp:13,
                 from src/http.cpp:9:
/home/eger/.linuxbrew/Cellar/gcc@8/8.2.0/include/c++/8.2.0/bits/predefined_ops.h:241:17: note:   mismatched types 'const std::__cxx11::basic_string<_CharT>' and 'char'
  { return *__it == _M_value; }
           ~~~~~~^~~~~~~~~~~
In file included from /home/eger/.linuxbrew/Cellar/gcc@8/8.2.0/include/c++/8.2.0/string:52,
                 from /home/eger/.linuxbrew/Cellar/gcc@8/8.2.0/include/c++/8.2.0/bits/locale_classes.h:40,
                 from /home/eger/.linuxbrew/Cellar/gcc@8/8.2.0/include/c++/8.2.0/bits/ios_base.h:41,
                 from /home/eger/.linuxbrew/Cellar/gcc@8/8.2.0/include/c++/8.2.0/ios:42,
                 from /home/eger/.linuxbrew/Cellar/gcc@8/8.2.0/include/c++/8.2.0/ostream:38,
                 from /home/eger/.linuxbrew/Cellar/gcc@8/8.2.0/include/c++/8.2.0/iostream:39,
                 from include/http.hpp:13,
                 from src/http.cpp:9:
/home/eger/.linuxbrew/Cellar/gcc@8/8.2.0/include/c++/8.2.0/bits/basic_string.h:6061:5: note: candidate: 'template<class _CharT, class _Traits, class _Alloc> bool std::operator==(const _CharT*, const std::__cxx11::basic_string<_CharT, _Traits, _Allocator>&)'
     operator==(const _CharT* __lhs,
     ^~~~~~~~
/home/eger/.linuxbrew/Cellar/gcc@8/8.2.0/include/c++/8.2.0/bits/basic_string.h:6061:5: note:   template argument deduction/substitution failed:
In file included from /home/eger/.linuxbrew/Cellar/gcc@8/8.2.0/include/c++/8.2.0/bits/stl_algobase.h:71,
                 from /home/eger/.linuxbrew/Cellar/gcc@8/8.2.0/include/c++/8.2.0/bits/char_traits.h:39,
                 from /home/eger/.linuxbrew/Cellar/gcc@8/8.2.0/include/c++/8.2.0/ios:40,
                 from /home/eger/.linuxbrew/Cellar/gcc@8/8.2.0/include/c++/8.2.0/ostream:38,
                 from /home/eger/.linuxbrew/Cellar/gcc@8/8.2.0/include/c++/8.2.0/iostream:39,
                 from include/http.hpp:13,
                 from src/http.cpp:9:
/home/eger/.linuxbrew/Cellar/gcc@8/8.2.0/include/c++/8.2.0/bits/predefined_ops.h:241:17: note:   mismatched types 'const _CharT*' and 'char'
  { return *__it == _M_value; }
           ~~~~~~^~~~~~~~~~~
In file included from /home/eger/.linuxbrew/Cellar/gcc@8/8.2.0/include/c++/8.2.0/string:52,
                 from /home/eger/.linuxbrew/Cellar/gcc@8/8.2.0/include/c++/8.2.0/bits/locale_classes.h:40,
                 from /home/eger/.linuxbrew/Cellar/gcc@8/8.2.0/include/c++/8.2.0/bits/ios_base.h:41,
                 from /home/eger/.linuxbrew/Cellar/gcc@8/8.2.0/include/c++/8.2.0/ios:42,
                 from /home/eger/.linuxbrew/Cellar/gcc@8/8.2.0/include/c++/8.2.0/ostream:38,
                 from /home/eger/.linuxbrew/Cellar/gcc@8/8.2.0/include/c++/8.2.0/iostream:39,
                 from include/http.hpp:13,
                 from src/http.cpp:9:
/home/eger/.linuxbrew/Cellar/gcc@8/8.2.0/include/c++/8.2.0/bits/basic_string.h:6073:5: note: candidate: 'template<class _CharT, class _Traits, class _Alloc> bool std::operator==(const std::__cxx11::basic_string<_CharT, _Traits, _Allocator>&, const _CharT*)'
     operator==(const basic_string<_CharT, _Traits, _Alloc>& __lhs,
     ^~~~~~~~
/home/eger/.linuxbrew/Cellar/gcc@8/8.2.0/include/c++/8.2.0/bits/basic_string.h:6073:5: note:   template argument deduction/substitution failed:
In file included from /home/eger/.linuxbrew/Cellar/gcc@8/8.2.0/include/c++/8.2.0/bits/stl_algobase.h:71,
                 from /home/eger/.linuxbrew/Cellar/gcc@8/8.2.0/include/c++/8.2.0/bits/char_traits.h:39,
                 from /home/eger/.linuxbrew/Cellar/gcc@8/8.2.0/include/c++/8.2.0/ios:40,
                 from /home/eger/.linuxbrew/Cellar/gcc@8/8.2.0/include/c++/8.2.0/ostream:38,
                 from /home/eger/.linuxbrew/Cellar/gcc@8/8.2.0/include/c++/8.2.0/iostream:39,
                 from include/http.hpp:13,
                 from src/http.cpp:9:
/home/eger/.linuxbrew/Cellar/gcc@8/8.2.0/include/c++/8.2.0/bits/predefined_ops.h:241:17: note:   mismatched types 'const std::__cxx11::basic_string<_CharT, _Traits, _Allocator>' and 'char'
  { return *__it == _M_value; }
           ~~~~~~^~~~~~~~~~~
In file included from /home/eger/.linuxbrew/Cellar/gcc@8/8.2.0/include/c++/8.2.0/bits/ios_base.h:46,
                 from /home/eger/.linuxbrew/Cellar/gcc@8/8.2.0/include/c++/8.2.0/ios:42,
                 from /home/eger/.linuxbrew/Cellar/gcc@8/8.2.0/include/c++/8.2.0/ostream:38,
                 from /home/eger/.linuxbrew/Cellar/gcc@8/8.2.0/include/c++/8.2.0/iostream:39,
                 from include/http.hpp:13,
                 from src/http.cpp:9:
/home/eger/.linuxbrew/Cellar/gcc@8/8.2.0/include/c++/8.2.0/system_error:292:3: note: candidate: 'bool std::operator==(const std::error_code&, const std::error_code&)'
   operator==(const error_code& __lhs, const error_code& __rhs) noexcept
   ^~~~~~~~
/home/eger/.linuxbrew/Cellar/gcc@8/8.2.0/include/c++/8.2.0/system_error:292:3: note:   no known conversion for argument 1 from 'char' to 'const std::error_code&'
/home/eger/.linuxbrew/Cellar/gcc@8/8.2.0/include/c++/8.2.0/system_error:297:3: note: candidate: 'bool std::operator==(const std::error_code&, const std::error_condition&)'
   operator==(const error_code& __lhs, const error_condition& __rhs) noexcept
   ^~~~~~~~
/home/eger/.linuxbrew/Cellar/gcc@8/8.2.0/include/c++/8.2.0/system_error:297:3: note:   no known conversion for argument 1 from 'char' to 'const std::error_code&'
/home/eger/.linuxbrew/Cellar/gcc@8/8.2.0/include/c++/8.2.0/system_error:304:3: note: candidate: 'bool std::operator==(const std::error_condition&, const std::error_code&)'
   operator==(const error_condition& __lhs, const error_code& __rhs) noexcept
   ^~~~~~~~
/home/eger/.linuxbrew/Cellar/gcc@8/8.2.0/include/c++/8.2.0/system_error:304:3: note:   no known conversion for argument 1 from 'char' to 'const std::error_condition&'
/home/eger/.linuxbrew/Cellar/gcc@8/8.2.0/include/c++/8.2.0/system_error:311:3: note: candidate: 'bool std::operator==(const std::error_condition&, const std::error_condition&)'
   operator==(const error_condition& __lhs,
   ^~~~~~~~
/home/eger/.linuxbrew/Cellar/gcc@8/8.2.0/include/c++/8.2.0/system_error:311:3: note:   no known conversion for argument 1 from 'char' to 'const std::error_condition&'
In file included from /home/eger/.linuxbrew/Cellar/gcc@8/8.2.0/include/c++/8.2.0/bits/locale_facets.h:48,
                 from /home/eger/.linuxbrew/Cellar/gcc@8/8.2.0/include/c++/8.2.0/bits/basic_ios.h:37,
                 from /home/eger/.linuxbrew/Cellar/gcc@8/8.2.0/include/c++/8.2.0/ios:44,
                 from /home/eger/.linuxbrew/Cellar/gcc@8/8.2.0/include/c++/8.2.0/ostream:38,
                 from /home/eger/.linuxbrew/Cellar/gcc@8/8.2.0/include/c++/8.2.0/iostream:39,
                 from include/http.hpp:13,
                 from src/http.cpp:9:
/home/eger/.linuxbrew/Cellar/gcc@8/8.2.0/include/c++/8.2.0/bits/streambuf_iterator.h:203:5: note: candidate: 'template<class _CharT, class _Traits> bool std::operator==(const std::istreambuf_iterator<_CharT, _Traits>&, const std::istreambuf_iterator<_CharT, _Traits>&)'
     operator==(const istreambuf_iterator<_CharT, _Traits>& __a,
     ^~~~~~~~
/home/eger/.linuxbrew/Cellar/gcc@8/8.2.0/include/c++/8.2.0/bits/streambuf_iterator.h:203:5: note:   template argument deduction/substitution failed:
In file included from /home/eger/.linuxbrew/Cellar/gcc@8/8.2.0/include/c++/8.2.0/bits/stl_algobase.h:71,
                 from /home/eger/.linuxbrew/Cellar/gcc@8/8.2.0/include/c++/8.2.0/bits/char_traits.h:39,
                 from /home/eger/.linuxbrew/Cellar/gcc@8/8.2.0/include/c++/8.2.0/ios:40,
                 from /home/eger/.linuxbrew/Cellar/gcc@8/8.2.0/include/c++/8.2.0/ostream:38,
                 from /home/eger/.linuxbrew/Cellar/gcc@8/8.2.0/include/c++/8.2.0/iostream:39,
                 from include/http.hpp:13,
                 from src/http.cpp:9:
/home/eger/.linuxbrew/Cellar/gcc@8/8.2.0/include/c++/8.2.0/bits/predefined_ops.h:241:17: note:   mismatched types 'const std::istreambuf_iterator<_CharT, _Traits>' and 'char'
  { return *__it == _M_value; }
           ~~~~~~^~~~~~~~~~~
In file included from /home/eger/.linuxbrew/Cellar/gcc@8/8.2.0/include/c++/8.2.0/tuple:39,
                 from /home/eger/.linuxbrew/Cellar/gcc@8/8.2.0/include/c++/8.2.0/bits/hashtable_policy.h:34,
                 from /home/eger/.linuxbrew/Cellar/gcc@8/8.2.0/include/c++/8.2.0/bits/hashtable.h:35,
                 from /home/eger/.linuxbrew/Cellar/gcc@8/8.2.0/include/c++/8.2.0/unordered_map:46,
                 from include/http.hpp:14,
                 from src/http.cpp:9:
/home/eger/.linuxbrew/Cellar/gcc@8/8.2.0/include/c++/8.2.0/array:252:5: note: candidate: 'template<class _Tp, long unsigned int _Nm> bool std::operator==(const std::array<_Tp, _Nm>&, const std::array<_Tp, _Nm>&)'
     operator==(const array<_Tp, _Nm>& __one, const array<_Tp, _Nm>& __two)
     ^~~~~~~~
/home/eger/.linuxbrew/Cellar/gcc@8/8.2.0/include/c++/8.2.0/array:252:5: note:   template argument deduction/substitution failed:
In file included from /home/eger/.linuxbrew/Cellar/gcc@8/8.2.0/include/c++/8.2.0/bits/stl_algobase.h:71,
                 from /home/eger/.linuxbrew/Cellar/gcc@8/8.2.0/include/c++/8.2.0/bits/char_traits.h:39,
                 from /home/eger/.linuxbrew/Cellar/gcc@8/8.2.0/include/c++/8.2.0/ios:40,
                 from /home/eger/.linuxbrew/Cellar/gcc@8/8.2.0/include/c++/8.2.0/ostream:38,
                 from /home/eger/.linuxbrew/Cellar/gcc@8/8.2.0/include/c++/8.2.0/iostream:39,
                 from include/http.hpp:13,
                 from src/http.cpp:9:
/home/eger/.linuxbrew/Cellar/gcc@8/8.2.0/include/c++/8.2.0/bits/predefined_ops.h:241:17: note:   mismatched types 'const std::array<_Tp, _Nm>' and 'char'
  { return *__it == _M_value; }
           ~~~~~~^~~~~~~~~~~
In file included from /home/eger/.linuxbrew/Cellar/gcc@8/8.2.0/include/c++/8.2.0/bits/hashtable_policy.h:34,
                 from /home/eger/.linuxbrew/Cellar/gcc@8/8.2.0/include/c++/8.2.0/bits/hashtable.h:35,
                 from /home/eger/.linuxbrew/Cellar/gcc@8/8.2.0/include/c++/8.2.0/unordered_map:46,
                 from include/http.hpp:14,
                 from src/http.cpp:9:
/home/eger/.linuxbrew/Cellar/gcc@8/8.2.0/include/c++/8.2.0/tuple:1413:5: note: candidate: 'template<class ... _TElements, class ... _UElements> constexpr bool std::operator==(const std::tuple<_Tps ...>&, const std::tuple<_Elements ...>&)'
     operator==(const tuple<_TElements...>& __t,
     ^~~~~~~~
/home/eger/.linuxbrew/Cellar/gcc@8/8.2.0/include/c++/8.2.0/tuple:1413:5: note:   template argument deduction/substitution failed:
In file included from /home/eger/.linuxbrew/Cellar/gcc@8/8.2.0/include/c++/8.2.0/bits/stl_algobase.h:71,
                 from /home/eger/.linuxbrew/Cellar/gcc@8/8.2.0/include/c++/8.2.0/bits/char_traits.h:39,
                 from /home/eger/.linuxbrew/Cellar/gcc@8/8.2.0/include/c++/8.2.0/ios:40,
                 from /home/eger/.linuxbrew/Cellar/gcc@8/8.2.0/include/c++/8.2.0/ostream:38,
                 from /home/eger/.linuxbrew/Cellar/gcc@8/8.2.0/include/c++/8.2.0/iostream:39,
                 from include/http.hpp:13,
                 from src/http.cpp:9:
/home/eger/.linuxbrew/Cellar/gcc@8/8.2.0/include/c++/8.2.0/bits/predefined_ops.h:241:17: note:   mismatched types 'const std::tuple<_Tps ...>' and 'char'
  { return *__it == _M_value; }
           ~~~~~~^~~~~~~~~~~
In file included from /home/eger/.linuxbrew/Cellar/gcc@8/8.2.0/include/c++/8.2.0/bits/node_handle.h:39,
                 from /home/eger/.linuxbrew/Cellar/gcc@8/8.2.0/include/c++/8.2.0/bits/hashtable.h:37,
                 from /home/eger/.linuxbrew/Cellar/gcc@8/8.2.0/include/c++/8.2.0/unordered_map:46,
                 from include/http.hpp:14,
                 from src/http.cpp:9:
/home/eger/.linuxbrew/Cellar/gcc@8/8.2.0/include/c++/8.2.0/optional:1320:5: note: candidate: 'template<class _Tp, class _Up> constexpr std::__optional_relop_t<decltype ((declval<_Tp>() == declval<_Up>()))> std::operator==(const std::optional<_Tp>&, const std::optional<_Up>&)'
     operator==(const optional<_Tp>& __lhs, const optional<_Up>& __rhs)
     ^~~~~~~~
/home/eger/.linuxbrew/Cellar/gcc@8/8.2.0/include/c++/8.2.0/optional:1320:5: note:   template argument deduction/substitution failed:
In file included from /home/eger/.linuxbrew/Cellar/gcc@8/8.2.0/include/c++/8.2.0/bits/stl_algobase.h:71,
                 from /home/eger/.linuxbrew/Cellar/gcc@8/8.2.0/include/c++/8.2.0/bits/char_traits.h:39,
                 from /home/eger/.linuxbrew/Cellar/gcc@8/8.2.0/include/c++/8.2.0/ios:40,
                 from /home/eger/.linuxbrew/Cellar/gcc@8/8.2.0/include/c++/8.2.0/ostream:38,
                 from /home/eger/.linuxbrew/Cellar/gcc@8/8.2.0/include/c++/8.2.0/iostream:39,
                 from include/http.hpp:13,
                 from src/http.cpp:9:
/home/eger/.linuxbrew/Cellar/gcc@8/8.2.0/include/c++/8.2.0/bits/predefined_ops.h:241:17: note:   mismatched types 'const std::optional<_Tp>' and 'char'
  { return *__it == _M_value; }
           ~~~~~~^~~~~~~~~~~
In file included from /home/eger/.linuxbrew/Cellar/gcc@8/8.2.0/include/c++/8.2.0/bits/node_handle.h:39,
                 from /home/eger/.linuxbrew/Cellar/gcc@8/8.2.0/include/c++/8.2.0/bits/hashtable.h:37,
                 from /home/eger/.linuxbrew/Cellar/gcc@8/8.2.0/include/c++/8.2.0/unordered_map:46,
                 from include/http.hpp:14,
                 from src/http.cpp:9:
/home/eger/.linuxbrew/Cellar/gcc@8/8.2.0/include/c++/8.2.0/optional:1371:5: note: candidate: 'template<class _Tp> constexpr bool std::operator==(const std::optional<_Tp>&, std::nullopt_t)'
     operator==(const optional<_Tp>& __lhs, nullopt_t) noexcept
     ^~~~~~~~
/home/eger/.linuxbrew/Cellar/gcc@8/8.2.0/include/c++/8.2.0/optional:1371:5: note:   template argument deduction/substitution failed:
In file included from /home/eger/.linuxbrew/Cellar/gcc@8/8.2.0/include/c++/8.2.0/bits/stl_algobase.h:71,
                 from /home/eger/.linuxbrew/Cellar/gcc@8/8.2.0/include/c++/8.2.0/bits/char_traits.h:39,
                 from /home/eger/.linuxbrew/Cellar/gcc@8/8.2.0/include/c++/8.2.0/ios:40,
                 from /home/eger/.linuxbrew/Cellar/gcc@8/8.2.0/include/c++/8.2.0/ostream:38,
                 from /home/eger/.linuxbrew/Cellar/gcc@8/8.2.0/include/c++/8.2.0/iostream:39,
                 from include/http.hpp:13,
                 from src/http.cpp:9:
/home/eger/.linuxbrew/Cellar/gcc@8/8.2.0/include/c++/8.2.0/bits/predefined_ops.h:241:17: note:   mismatched types 'const std::optional<_Tp>' and 'char'
  { return *__it == _M_value; }
           ~~~~~~^~~~~~~~~~~
In file included from /home/eger/.linuxbrew/Cellar/gcc@8/8.2.0/include/c++/8.2.0/bits/node_handle.h:39,
                 from /home/eger/.linuxbrew/Cellar/gcc@8/8.2.0/include/c++/8.2.0/bits/hashtable.h:37,
                 from /home/eger/.linuxbrew/Cellar/gcc@8/8.2.0/include/c++/8.2.0/unordered_map:46,
                 from include/http.hpp:14,
                 from src/http.cpp:9:
/home/eger/.linuxbrew/Cellar/gcc@8/8.2.0/include/c++/8.2.0/optional:1376:5: note: candidate: 'template<class _Tp> constexpr bool std::operator==(std::nullopt_t, const std::optional<_Tp>&)'
     operator==(nullopt_t, const optional<_Tp>& __rhs) noexcept
     ^~~~~~~~
/home/eger/.linuxbrew/Cellar/gcc@8/8.2.0/include/c++/8.2.0/optional:1376:5: note:   template argument deduction/substitution failed:
In file included from /home/eger/.linuxbrew/Cellar/gcc@8/8.2.0/include/c++/8.2.0/bits/stl_algobase.h:71,
                 from /home/eger/.linuxbrew/Cellar/gcc@8/8.2.0/include/c++/8.2.0/bits/char_traits.h:39,
                 from /home/eger/.linuxbrew/Cellar/gcc@8/8.2.0/include/c++/8.2.0/ios:40,
                 from /home/eger/.linuxbrew/Cellar/gcc@8/8.2.0/include/c++/8.2.0/ostream:38,
                 from /home/eger/.linuxbrew/Cellar/gcc@8/8.2.0/include/c++/8.2.0/iostream:39,
                 from include/http.hpp:13,
                 from src/http.cpp:9:
/home/eger/.linuxbrew/Cellar/gcc@8/8.2.0/include/c++/8.2.0/bits/predefined_ops.h:241:17: note:   'const std::__cxx11::basic_string<char>' is not derived from 'const std::optional<_Tp>'
  { return *__it == _M_value; }
           ~~~~~~^~~~~~~~~~~
In file included from /home/eger/.linuxbrew/Cellar/gcc@8/8.2.0/include/c++/8.2.0/bits/node_handle.h:39,
                 from /home/eger/.linuxbrew/Cellar/gcc@8/8.2.0/include/c++/8.2.0/bits/hashtable.h:37,
                 from /home/eger/.linuxbrew/Cellar/gcc@8/8.2.0/include/c++/8.2.0/unordered_map:46,
                 from include/http.hpp:14,
                 from src/http.cpp:9:
/home/eger/.linuxbrew/Cellar/gcc@8/8.2.0/include/c++/8.2.0/optional:1432:5: note: candidate: 'template<class _Tp, class _Up> constexpr std::__optional_relop_t<decltype ((declval<_Tp>() == declval<_Up>()))> std::operator==(const std::optional<_Tp>&, const _Up&)'
     operator==(const optional<_Tp>& __lhs, const _Up& __rhs)
     ^~~~~~~~
/home/eger/.linuxbrew/Cellar/gcc@8/8.2.0/include/c++/8.2.0/optional:1432:5: note:   template argument deduction/substitution failed:
In file included from /home/eger/.linuxbrew/Cellar/gcc@8/8.2.0/include/c++/8.2.0/bits/stl_algobase.h:71,
                 from /home/eger/.linuxbrew/Cellar/gcc@8/8.2.0/include/c++/8.2.0/bits/char_traits.h:39,
                 from /home/eger/.linuxbrew/Cellar/gcc@8/8.2.0/include/c++/8.2.0/ios:40,
                 from /home/eger/.linuxbrew/Cellar/gcc@8/8.2.0/include/c++/8.2.0/ostream:38,
                 from /home/eger/.linuxbrew/Cellar/gcc@8/8.2.0/include/c++/8.2.0/iostream:39,
                 from include/http.hpp:13,
                 from src/http.cpp:9:
/home/eger/.linuxbrew/Cellar/gcc@8/8.2.0/include/c++/8.2.0/bits/predefined_ops.h:241:17: note:   mismatched types 'const std::optional<_Tp>' and 'char'
  { return *__it == _M_value; }
           ~~~~~~^~~~~~~~~~~
In file included from /home/eger/.linuxbrew/Cellar/gcc@8/8.2.0/include/c++/8.2.0/bits/node_handle.h:39,
                 from /home/eger/.linuxbrew/Cellar/gcc@8/8.2.0/include/c++/8.2.0/bits/hashtable.h:37,
                 from /home/eger/.linuxbrew/Cellar/gcc@8/8.2.0/include/c++/8.2.0/unordered_map:46,
                 from include/http.hpp:14,
                 from src/http.cpp:9:
/home/eger/.linuxbrew/Cellar/gcc@8/8.2.0/include/c++/8.2.0/optional:1438:5: note: candidate: 'template<class _Tp, class _Up> constexpr std::__optional_relop_t<decltype ((declval<_Up>() == declval<_Tp>()))> std::operator==(const _Up&, const std::optional<_Tp>&)'
     operator==(const _Up& __lhs, const optional<_Tp>& __rhs)
     ^~~~~~~~
/home/eger/.linuxbrew/Cellar/gcc@8/8.2.0/include/c++/8.2.0/optional:1438:5: note:   template argument deduction/substitution failed:
In file included from /home/eger/.linuxbrew/Cellar/gcc@8/8.2.0/include/c++/8.2.0/bits/stl_algobase.h:71,
                 from /home/eger/.linuxbrew/Cellar/gcc@8/8.2.0/include/c++/8.2.0/bits/char_traits.h:39,
                 from /home/eger/.linuxbrew/Cellar/gcc@8/8.2.0/include/c++/8.2.0/ios:40,
                 from /home/eger/.linuxbrew/Cellar/gcc@8/8.2.0/include/c++/8.2.0/ostream:38,
                 from /home/eger/.linuxbrew/Cellar/gcc@8/8.2.0/include/c++/8.2.0/iostream:39,
                 from include/http.hpp:13,
                 from src/http.cpp:9:
/home/eger/.linuxbrew/Cellar/gcc@8/8.2.0/include/c++/8.2.0/bits/predefined_ops.h:241:17: note:   'const std::__cxx11::basic_string<char>' is not derived from 'const std::optional<_Tp>'
  { return *__it == _M_value; }
           ~~~~~~^~~~~~~~~~~
In file included from /home/eger/.linuxbrew/Cellar/gcc@8/8.2.0/include/c++/8.2.0/unordered_map:47,
                 from include/http.hpp:14,
                 from src/http.cpp:9:
/home/eger/.linuxbrew/Cellar/gcc@8/8.2.0/include/c++/8.2.0/bits/unordered_map.h:2064:5: note: candidate: 'template<class _Key1, class _Tp1, class _Hash1, class _Pred1, class _Alloc1> bool std::operator==(const std::unordered_map<_Key1, _Tp1, _Hash1, _Pred1, _Alloc1>&, const std::unordered_map<_Key1, _Tp1, _Hash1, _Pred1, _Alloc1>&)'
     operator==(const unordered_map<_Key, _Tp, _Hash, _Pred, _Alloc>& __x,
     ^~~~~~~~
/home/eger/.linuxbrew/Cellar/gcc@8/8.2.0/include/c++/8.2.0/bits/unordered_map.h:2064:5: note:   template argument deduction/substitution failed:
In file included from /home/eger/.linuxbrew/Cellar/gcc@8/8.2.0/include/c++/8.2.0/bits/stl_algobase.h:71,
                 from /home/eger/.linuxbrew/Cellar/gcc@8/8.2.0/include/c++/8.2.0/bits/char_traits.h:39,
                 from /home/eger/.linuxbrew/Cellar/gcc@8/8.2.0/include/c++/8.2.0/ios:40,
                 from /home/eger/.linuxbrew/Cellar/gcc@8/8.2.0/include/c++/8.2.0/ostream:38,
                 from /home/eger/.linuxbrew/Cellar/gcc@8/8.2.0/include/c++/8.2.0/iostream:39,
                 from include/http.hpp:13,
                 from src/http.cpp:9:
/home/eger/.linuxbrew/Cellar/gcc@8/8.2.0/include/c++/8.2.0/bits/predefined_ops.h:241:17: note:   mismatched types 'const std::unordered_map<_Key1, _Tp1, _Hash1, _Pred1, _Alloc1>' and 'char'
  { return *__it == _M_value; }
           ~~~~~~^~~~~~~~~~~
In file included from /home/eger/.linuxbrew/Cellar/gcc@8/8.2.0/include/c++/8.2.0/unordered_map:47,
                 from include/http.hpp:14,
                 from src/http.cpp:9:
/home/eger/.linuxbrew/Cellar/gcc@8/8.2.0/include/c++/8.2.0/bits/unordered_map.h:2076:5: note: candidate: 'template<class _Key1, class _Tp1, class _Hash1, class _Pred1, class _Alloc1> bool std::operator==(const std::unordered_multimap<_Key1, _Tp1, _Hash1, _Pred1, _Alloc1>&, const std::unordered_multimap<_Key1, _Tp1, _Hash1, _Pred1, _Alloc1>&)'
     operator==(const unordered_multimap<_Key, _Tp, _Hash, _Pred, _Alloc>& __x,
     ^~~~~~~~
/home/eger/.linuxbrew/Cellar/gcc@8/8.2.0/include/c++/8.2.0/bits/unordered_map.h:2076:5: note:   template argument deduction/substitution failed:
In file included from /home/eger/.linuxbrew/Cellar/gcc@8/8.2.0/include/c++/8.2.0/bits/stl_algobase.h:71,
                 from /home/eger/.linuxbrew/Cellar/gcc@8/8.2.0/include/c++/8.2.0/bits/char_traits.h:39,
                 from /home/eger/.linuxbrew/Cellar/gcc@8/8.2.0/include/c++/8.2.0/ios:40,
                 from /home/eger/.linuxbrew/Cellar/gcc@8/8.2.0/include/c++/8.2.0/ostream:38,
                 from /home/eger/.linuxbrew/Cellar/gcc@8/8.2.0/include/c++/8.2.0/iostream:39,
                 from include/http.hpp:13,
                 from src/http.cpp:9:
/home/eger/.linuxbrew/Cellar/gcc@8/8.2.0/include/c++/8.2.0/bits/predefined_ops.h:241:17: note:   mismatched types 'const std::unordered_multimap<_Key1, _Tp1, _Hash1, _Pred1, _Alloc1>' and 'char'
  { return *__it == _M_value; }
           ~~~~~~^~~~~~~~~~~
In file included from /home/eger/.linuxbrew/Cellar/gcc@8/8.2.0/include/c++/8.2.0/memory:80,
                 from /home/eger/.linuxbrew/Cellar/gcc@8/8.2.0/include/c++/8.2.0/thread:39,
                 from include/http.hpp:18,
                 from src/http.cpp:9:
/home/eger/.linuxbrew/Cellar/gcc@8/8.2.0/include/c++/8.2.0/bits/unique_ptr.h:689:5: note: candidate: 'template<class _Tp, class _Dp, class _Up, class _Ep> bool std::operator==(const std::unique_ptr<_Tp, _Dp>&, const std::unique_ptr<_Up, _Ep>&)'
     operator==(const unique_ptr<_Tp, _Dp>& __x,
     ^~~~~~~~
/home/eger/.linuxbrew/Cellar/gcc@8/8.2.0/include/c++/8.2.0/bits/unique_ptr.h:689:5: note:   template argument deduction/substitution failed:
In file included from /home/eger/.linuxbrew/Cellar/gcc@8/8.2.0/include/c++/8.2.0/bits/stl_algobase.h:71,
                 from /home/eger/.linuxbrew/Cellar/gcc@8/8.2.0/include/c++/8.2.0/bits/char_traits.h:39,
                 from /home/eger/.linuxbrew/Cellar/gcc@8/8.2.0/include/c++/8.2.0/ios:40,
                 from /home/eger/.linuxbrew/Cellar/gcc@8/8.2.0/include/c++/8.2.0/ostream:38,
                 from /home/eger/.linuxbrew/Cellar/gcc@8/8.2.0/include/c++/8.2.0/iostream:39,
                 from include/http.hpp:13,
                 from src/http.cpp:9:
/home/eger/.linuxbrew/Cellar/gcc@8/8.2.0/include/c++/8.2.0/bits/predefined_ops.h:241:17: note:   mismatched types 'const std::unique_ptr<_Tp, _Dp>' and 'char'
  { return *__it == _M_value; }
           ~~~~~~^~~~~~~~~~~
In file included from /home/eger/.linuxbrew/Cellar/gcc@8/8.2.0/include/c++/8.2.0/memory:80,
                 from /home/eger/.linuxbrew/Cellar/gcc@8/8.2.0/include/c++/8.2.0/thread:39,
                 from include/http.hpp:18,
                 from src/http.cpp:9:
/home/eger/.linuxbrew/Cellar/gcc@8/8.2.0/include/c++/8.2.0/bits/unique_ptr.h:695:5: note: candidate: 'template<class _Tp, class _Dp> bool std::operator==(const std::unique_ptr<_Tp, _Dp>&, std::nullptr_t)'
     operator==(const unique_ptr<_Tp, _Dp>& __x, nullptr_t) noexcept
     ^~~~~~~~
/home/eger/.linuxbrew/Cellar/gcc@8/8.2.0/include/c++/8.2.0/bits/unique_ptr.h:695:5: note:   template argument deduction/substitution failed:
In file included from /home/eger/.linuxbrew/Cellar/gcc@8/8.2.0/include/c++/8.2.0/bits/stl_algobase.h:71,
                 from /home/eger/.linuxbrew/Cellar/gcc@8/8.2.0/include/c++/8.2.0/bits/char_traits.h:39,
                 from /home/eger/.linuxbrew/Cellar/gcc@8/8.2.0/include/c++/8.2.0/ios:40,
                 from /home/eger/.linuxbrew/Cellar/gcc@8/8.2.0/include/c++/8.2.0/ostream:38,
                 from /home/eger/.linuxbrew/Cellar/gcc@8/8.2.0/include/c++/8.2.0/iostream:39,
                 from include/http.hpp:13,
                 from src/http.cpp:9:
/home/eger/.linuxbrew/Cellar/gcc@8/8.2.0/include/c++/8.2.0/bits/predefined_ops.h:241:17: note:   mismatched types 'const std::unique_ptr<_Tp, _Dp>' and 'char'
  { return *__it == _M_value; }
           ~~~~~~^~~~~~~~~~~
In file included from /home/eger/.linuxbrew/Cellar/gcc@8/8.2.0/include/c++/8.2.0/memory:80,
                 from /home/eger/.linuxbrew/Cellar/gcc@8/8.2.0/include/c++/8.2.0/thread:39,
                 from include/http.hpp:18,
                 from src/http.cpp:9:
/home/eger/.linuxbrew/Cellar/gcc@8/8.2.0/include/c++/8.2.0/bits/unique_ptr.h:700:5: note: candidate: 'template<class _Tp, class _Dp> bool std::operator==(std::nullptr_t, const std::unique_ptr<_Tp, _Dp>&)'
     operator==(nullptr_t, const unique_ptr<_Tp, _Dp>& __x) noexcept
     ^~~~~~~~
/home/eger/.linuxbrew/Cellar/gcc@8/8.2.0/include/c++/8.2.0/bits/unique_ptr.h:700:5: note:   template argument deduction/substitution failed:
In file included from /home/eger/.linuxbrew/Cellar/gcc@8/8.2.0/include/c++/8.2.0/bits/stl_algobase.h:71,
                 from /home/eger/.linuxbrew/Cellar/gcc@8/8.2.0/include/c++/8.2.0/bits/char_traits.h:39,
                 from /home/eger/.linuxbrew/Cellar/gcc@8/8.2.0/include/c++/8.2.0/ios:40,
                 from /home/eger/.linuxbrew/Cellar/gcc@8/8.2.0/include/c++/8.2.0/ostream:38,
                 from /home/eger/.linuxbrew/Cellar/gcc@8/8.2.0/include/c++/8.2.0/iostream:39,
                 from include/http.hpp:13,
                 from src/http.cpp:9:
/home/eger/.linuxbrew/Cellar/gcc@8/8.2.0/include/c++/8.2.0/bits/predefined_ops.h:241:17: note:   'const std::__cxx11::basic_string<char>' is not derived from 'const std::unique_ptr<_Tp, _Dp>'
  { return *__it == _M_value; }
           ~~~~~~^~~~~~~~~~~
In file included from /home/eger/.linuxbrew/Cellar/gcc@8/8.2.0/include/c++/8.2.0/bits/shared_ptr.h:52,
                 from /home/eger/.linuxbrew/Cellar/gcc@8/8.2.0/include/c++/8.2.0/memory:81,
                 from /home/eger/.linuxbrew/Cellar/gcc@8/8.2.0/include/c++/8.2.0/thread:39,
                 from include/http.hpp:18,
                 from src/http.cpp:9:
/home/eger/.linuxbrew/Cellar/gcc@8/8.2.0/include/c++/8.2.0/bits/shared_ptr_base.h:1400:5: note: candidate: 'template<class _Tp1, class _Tp2, __gnu_cxx::_Lock_policy _Lp> bool std::operator==(const std::__shared_ptr<_Tp1, _Lp>&, const std::__shared_ptr<_Tp2, _Lp>&)'
     operator==(const __shared_ptr<_Tp1, _Lp>& __a,
     ^~~~~~~~
/home/eger/.linuxbrew/Cellar/gcc@8/8.2.0/include/c++/8.2.0/bits/shared_ptr_base.h:1400:5: note:   template argument deduction/substitution failed:
In file included from /home/eger/.linuxbrew/Cellar/gcc@8/8.2.0/include/c++/8.2.0/bits/stl_algobase.h:71,
                 from /home/eger/.linuxbrew/Cellar/gcc@8/8.2.0/include/c++/8.2.0/bits/char_traits.h:39,
                 from /home/eger/.linuxbrew/Cellar/gcc@8/8.2.0/include/c++/8.2.0/ios:40,
                 from /home/eger/.linuxbrew/Cellar/gcc@8/8.2.0/include/c++/8.2.0/ostream:38,
                 from /home/eger/.linuxbrew/Cellar/gcc@8/8.2.0/include/c++/8.2.0/iostream:39,
                 from include/http.hpp:13,
                 from src/http.cpp:9:
/home/eger/.linuxbrew/Cellar/gcc@8/8.2.0/include/c++/8.2.0/bits/predefined_ops.h:241:17: note:   mismatched types 'const std::__shared_ptr<_Tp1, _Lp>' and 'char'
  { return *__it == _M_value; }
           ~~~~~~^~~~~~~~~~~
In file included from /home/eger/.linuxbrew/Cellar/gcc@8/8.2.0/include/c++/8.2.0/bits/shared_ptr.h:52,
                 from /home/eger/.linuxbrew/Cellar/gcc@8/8.2.0/include/c++/8.2.0/memory:81,
                 from /home/eger/.linuxbrew/Cellar/gcc@8/8.2.0/include/c++/8.2.0/thread:39,
                 from include/http.hpp:18,
                 from src/http.cpp:9:
/home/eger/.linuxbrew/Cellar/gcc@8/8.2.0/include/c++/8.2.0/bits/shared_ptr_base.h:1406:5: note: candidate: 'template<class _Tp, __gnu_cxx::_Lock_policy _Lp> bool std::operator==(const std::__shared_ptr<_Tp, _Lp>&, std::nullptr_t)'
     operator==(const __shared_ptr<_Tp, _Lp>& __a, nullptr_t) noexcept
     ^~~~~~~~
/home/eger/.linuxbrew/Cellar/gcc@8/8.2.0/include/c++/8.2.0/bits/shared_ptr_base.h:1406:5: note:   template argument deduction/substitution failed:
In file included from /home/eger/.linuxbrew/Cellar/gcc@8/8.2.0/include/c++/8.2.0/bits/stl_algobase.h:71,
                 from /home/eger/.linuxbrew/Cellar/gcc@8/8.2.0/include/c++/8.2.0/bits/char_traits.h:39,
                 from /home/eger/.linuxbrew/Cellar/gcc@8/8.2.0/include/c++/8.2.0/ios:40,
                 from /home/eger/.linuxbrew/Cellar/gcc@8/8.2.0/include/c++/8.2.0/ostream:38,
                 from /home/eger/.linuxbrew/Cellar/gcc@8/8.2.0/include/c++/8.2.0/iostream:39,
                 from include/http.hpp:13,
                 from src/http.cpp:9:
/home/eger/.linuxbrew/Cellar/gcc@8/8.2.0/include/c++/8.2.0/bits/predefined_ops.h:241:17: note:   mismatched types 'const std::__shared_ptr<_Tp, _Lp>' and 'char'
  { return *__it == _M_value; }
           ~~~~~~^~~~~~~~~~~
In file included from /home/eger/.linuxbrew/Cellar/gcc@8/8.2.0/include/c++/8.2.0/bits/shared_ptr.h:52,
                 from /home/eger/.linuxbrew/Cellar/gcc@8/8.2.0/include/c++/8.2.0/memory:81,
                 from /home/eger/.linuxbrew/Cellar/gcc@8/8.2.0/include/c++/8.2.0/thread:39,
                 from include/http.hpp:18,
                 from src/http.cpp:9:
/home/eger/.linuxbrew/Cellar/gcc@8/8.2.0/include/c++/8.2.0/bits/shared_ptr_base.h:1411:5: note: candidate: 'template<class _Tp, __gnu_cxx::_Lock_policy _Lp> bool std::operator==(std::nullptr_t, const std::__shared_ptr<_Tp, _Lp>&)'
     operator==(nullptr_t, const __shared_ptr<_Tp, _Lp>& __a) noexcept
     ^~~~~~~~
/home/eger/.linuxbrew/Cellar/gcc@8/8.2.0/include/c++/8.2.0/bits/shared_ptr_base.h:1411:5: note:   template argument deduction/substitution failed:
In file included from /home/eger/.linuxbrew/Cellar/gcc@8/8.2.0/include/c++/8.2.0/bits/stl_algobase.h:71,
                 from /home/eger/.linuxbrew/Cellar/gcc@8/8.2.0/include/c++/8.2.0/bits/char_traits.h:39,
                 from /home/eger/.linuxbrew/Cellar/gcc@8/8.2.0/include/c++/8.2.0/ios:40,
                 from /home/eger/.linuxbrew/Cellar/gcc@8/8.2.0/include/c++/8.2.0/ostream:38,
                 from /home/eger/.linuxbrew/Cellar/gcc@8/8.2.0/include/c++/8.2.0/iostream:39,
                 from include/http.hpp:13,
                 from src/http.cpp:9:
/home/eger/.linuxbrew/Cellar/gcc@8/8.2.0/include/c++/8.2.0/bits/predefined_ops.h:241:17: note:   'const std::__cxx11::basic_string<char>' is not derived from 'const std::__shared_ptr<_Tp, _Lp>'
  { return *__it == _M_value; }
           ~~~~~~^~~~~~~~~~~
In file included from /home/eger/.linuxbrew/Cellar/gcc@8/8.2.0/include/c++/8.2.0/memory:81,
                 from /home/eger/.linuxbrew/Cellar/gcc@8/8.2.0/include/c++/8.2.0/thread:39,
                 from include/http.hpp:18,
                 from src/http.cpp:9:
/home/eger/.linuxbrew/Cellar/gcc@8/8.2.0/include/c++/8.2.0/bits/shared_ptr.h:384:5: note: candidate: 'template<class _Tp, class _Up> bool std::operator==(const std::shared_ptr<_Tp>&, const std::shared_ptr<_Tp>&)'
     operator==(const shared_ptr<_Tp>& __a, const shared_ptr<_Up>& __b) noexcept
     ^~~~~~~~
/home/eger/.linuxbrew/Cellar/gcc@8/8.2.0/include/c++/8.2.0/bits/shared_ptr.h:384:5: note:   template argument deduction/substitution failed:
In file included from /home/eger/.linuxbrew/Cellar/gcc@8/8.2.0/include/c++/8.2.0/bits/stl_algobase.h:71,
                 from /home/eger/.linuxbrew/Cellar/gcc@8/8.2.0/include/c++/8.2.0/bits/char_traits.h:39,
                 from /home/eger/.linuxbrew/Cellar/gcc@8/8.2.0/include/c++/8.2.0/ios:40,
                 from /home/eger/.linuxbrew/Cellar/gcc@8/8.2.0/include/c++/8.2.0/ostream:38,
                 from /home/eger/.linuxbrew/Cellar/gcc@8/8.2.0/include/c++/8.2.0/iostream:39,
                 from include/http.hpp:13,
                 from src/http.cpp:9:
/home/eger/.linuxbrew/Cellar/gcc@8/8.2.0/include/c++/8.2.0/bits/predefined_ops.h:241:17: note:   mismatched types 'const std::shared_ptr<_Tp>' and 'char'
  { return *__it == _M_value; }
           ~~~~~~^~~~~~~~~~~
In file included from /home/eger/.linuxbrew/Cellar/gcc@8/8.2.0/include/c++/8.2.0/memory:81,
                 from /home/eger/.linuxbrew/Cellar/gcc@8/8.2.0/include/c++/8.2.0/thread:39,
                 from include/http.hpp:18,
                 from src/http.cpp:9:
/home/eger/.linuxbrew/Cellar/gcc@8/8.2.0/include/c++/8.2.0/bits/shared_ptr.h:389:5: note: candidate: 'template<class _Tp> bool std::operator==(const std::shared_ptr<_Tp>&, std::nullptr_t)'
     operator==(const shared_ptr<_Tp>& __a, nullptr_t) noexcept
     ^~~~~~~~
/home/eger/.linuxbrew/Cellar/gcc@8/8.2.0/include/c++/8.2.0/bits/shared_ptr.h:389:5: note:   template argument deduction/substitution failed:
In file included from /home/eger/.linuxbrew/Cellar/gcc@8/8.2.0/include/c++/8.2.0/bits/stl_algobase.h:71,
                 from /home/eger/.linuxbrew/Cellar/gcc@8/8.2.0/include/c++/8.2.0/bits/char_traits.h:39,
                 from /home/eger/.linuxbrew/Cellar/gcc@8/8.2.0/include/c++/8.2.0/ios:40,
                 from /home/eger/.linuxbrew/Cellar/gcc@8/8.2.0/include/c++/8.2.0/ostream:38,
                 from /home/eger/.linuxbrew/Cellar/gcc@8/8.2.0/include/c++/8.2.0/iostream:39,
                 from include/http.hpp:13,
                 from src/http.cpp:9:
/home/eger/.linuxbrew/Cellar/gcc@8/8.2.0/include/c++/8.2.0/bits/predefined_ops.h:241:17: note:   mismatched types 'const std::shared_ptr<_Tp>' and 'char'
  { return *__it == _M_value; }
           ~~~~~~^~~~~~~~~~~
In file included from /home/eger/.linuxbrew/Cellar/gcc@8/8.2.0/include/c++/8.2.0/memory:81,
                 from /home/eger/.linuxbrew/Cellar/gcc@8/8.2.0/include/c++/8.2.0/thread:39,
                 from include/http.hpp:18,
                 from src/http.cpp:9:
/home/eger/.linuxbrew/Cellar/gcc@8/8.2.0/include/c++/8.2.0/bits/shared_ptr.h:394:5: note: candidate: 'template<class _Tp> bool std::operator==(std::nullptr_t, const std::shared_ptr<_Tp>&)'
     operator==(nullptr_t, const shared_ptr<_Tp>& __a) noexcept
     ^~~~~~~~
/home/eger/.linuxbrew/Cellar/gcc@8/8.2.0/include/c++/8.2.0/bits/shared_ptr.h:394:5: note:   template argument deduction/substitution failed:
In file included from /home/eger/.linuxbrew/Cellar/gcc@8/8.2.0/include/c++/8.2.0/bits/stl_algobase.h:71,
                 from /home/eger/.linuxbrew/Cellar/gcc@8/8.2.0/include/c++/8.2.0/bits/char_traits.h:39,
                 from /home/eger/.linuxbrew/Cellar/gcc@8/8.2.0/include/c++/8.2.0/ios:40,
                 from /home/eger/.linuxbrew/Cellar/gcc@8/8.2.0/include/c++/8.2.0/ostream:38,
                 from /home/eger/.linuxbrew/Cellar/gcc@8/8.2.0/include/c++/8.2.0/iostream:39,
                 from include/http.hpp:13,
                 from src/http.cpp:9:
/home/eger/.linuxbrew/Cellar/gcc@8/8.2.0/include/c++/8.2.0/bits/predefined_ops.h:241:17: note:   'const std::__cxx11::basic_string<char>' is not derived from 'const std::shared_ptr<_Tp>'
  { return *__it == _M_value; }
           ~~~~~~^~~~~~~~~~~
In file included from include/http.hpp:18,
                 from src/http.cpp:9:
/home/eger/.linuxbrew/Cellar/gcc@8/8.2.0/include/c++/8.2.0/thread:267:3: note: candidate: 'bool std::operator==(std::thread::id, std::thread::id)'
   operator==(thread::id __x, thread::id __y) noexcept
   ^~~~~~~~
/home/eger/.linuxbrew/Cellar/gcc@8/8.2.0/include/c++/8.2.0/thread:267:3: note:   no known conversion for argument 1 from 'char' to 'std::thread::id'
In file included from /home/eger/.linuxbrew/Cellar/gcc@8/8.2.0/include/c++/8.2.0/vector:64,
                 from include/http.hpp:20,
                 from src/http.cpp:9:
/home/eger/.linuxbrew/Cellar/gcc@8/8.2.0/include/c++/8.2.0/bits/stl_vector.h:1753:5: note: candidate: 'template<class _Tp, class _Alloc> bool std::operator==(const std::vector<_Tp, _Alloc>&, const std::vector<_Tp, _Alloc>&)'
     operator==(const vector<_Tp, _Alloc>& __x, const vector<_Tp, _Alloc>& __y)
     ^~~~~~~~
/home/eger/.linuxbrew/Cellar/gcc@8/8.2.0/include/c++/8.2.0/bits/stl_vector.h:1753:5: note:   template argument deduction/substitution failed:
In file included from /home/eger/.linuxbrew/Cellar/gcc@8/8.2.0/include/c++/8.2.0/bits/stl_algobase.h:71,
                 from /home/eger/.linuxbrew/Cellar/gcc@8/8.2.0/include/c++/8.2.0/bits/char_traits.h:39,
                 from /home/eger/.linuxbrew/Cellar/gcc@8/8.2.0/include/c++/8.2.0/ios:40,
                 from /home/eger/.linuxbrew/Cellar/gcc@8/8.2.0/include/c++/8.2.0/ostream:38,
                 from /home/eger/.linuxbrew/Cellar/gcc@8/8.2.0/include/c++/8.2.0/iostream:39,
                 from include/http.hpp:13,
                 from src/http.cpp:9:
/home/eger/.linuxbrew/Cellar/gcc@8/8.2.0/include/c++/8.2.0/bits/predefined_ops.h:241:17: note:   mismatched types 'const std::vector<_Tp, _Alloc>' and 'char'
  { return *__it == _M_value; }
           ~~~~~~^~~~~~~~~~~
In file included from /home/eger/.linuxbrew/Cellar/gcc@8/8.2.0/include/c++/8.2.0/unordered_set:47,
                 from include/http.hpp:27,
                 from src/http.cpp:9:
/home/eger/.linuxbrew/Cellar/gcc@8/8.2.0/include/c++/8.2.0/bits/unordered_set.h:1669:5: note: candidate: 'template<class _Value1, class _Hash1, class _Pred1, class _Alloc1> bool std::operator==(const std::unordered_set<_Value1, _Hash1, _Pred1, _Alloc1>&, const std::unordered_set<_Value1, _Hash1, _Pred1, _Alloc1>&)'
     operator==(const unordered_set<_Value, _Hash, _Pred, _Alloc>& __x,
     ^~~~~~~~
/home/eger/.linuxbrew/Cellar/gcc@8/8.2.0/include/c++/8.2.0/bits/unordered_set.h:1669:5: note:   template argument deduction/substitution failed:
In file included from /home/eger/.linuxbrew/Cellar/gcc@8/8.2.0/include/c++/8.2.0/bits/stl_algobase.h:71,
                 from /home/eger/.linuxbrew/Cellar/gcc@8/8.2.0/include/c++/8.2.0/bits/char_traits.h:39,
                 from /home/eger/.linuxbrew/Cellar/gcc@8/8.2.0/include/c++/8.2.0/ios:40,
                 from /home/eger/.linuxbrew/Cellar/gcc@8/8.2.0/include/c++/8.2.0/ostream:38,
                 from /home/eger/.linuxbrew/Cellar/gcc@8/8.2.0/include/c++/8.2.0/iostream:39,
                 from include/http.hpp:13,
                 from src/http.cpp:9:
/home/eger/.linuxbrew/Cellar/gcc@8/8.2.0/include/c++/8.2.0/bits/predefined_ops.h:241:17: note:   mismatched types 'const std::unordered_set<_Value1, _Hash1, _Pred1, _Alloc1>' and 'char'
  { return *__it == _M_value; }
           ~~~~~~^~~~~~~~~~~
In file included from /home/eger/.linuxbrew/Cellar/gcc@8/8.2.0/include/c++/8.2.0/unordered_set:47,
                 from include/http.hpp:27,
                 from src/http.cpp:9:
/home/eger/.linuxbrew/Cellar/gcc@8/8.2.0/include/c++/8.2.0/bits/unordered_set.h:1681:5: note: candidate: 'template<class _Value1, class _Hash1, class _Pred1, class _Alloc1> bool std::operator==(const std::unordered_multiset<_Value1, _Hash1, _Pred1, _Alloc1>&, const std::unordered_multiset<_Value1, _Hash1, _Pred1, _Alloc1>&)'
     operator==(const unordered_multiset<_Value, _Hash, _Pred, _Alloc>& __x,
     ^~~~~~~~
/home/eger/.linuxbrew/Cellar/gcc@8/8.2.0/include/c++/8.2.0/bits/unordered_set.h:1681:5: note:   template argument deduction/substitution failed:
In file included from /home/eger/.linuxbrew/Cellar/gcc@8/8.2.0/include/c++/8.2.0/bits/stl_algobase.h:71,
                 from /home/eger/.linuxbrew/Cellar/gcc@8/8.2.0/include/c++/8.2.0/bits/char_traits.h:39,
                 from /home/eger/.linuxbrew/Cellar/gcc@8/8.2.0/include/c++/8.2.0/ios:40,
                 from /home/eger/.linuxbrew/Cellar/gcc@8/8.2.0/include/c++/8.2.0/ostream:38,
                 from /home/eger/.linuxbrew/Cellar/gcc@8/8.2.0/include/c++/8.2.0/iostream:39,
                 from include/http.hpp:13,
                 from src/http.cpp:9:
/home/eger/.linuxbrew/Cellar/gcc@8/8.2.0/include/c++/8.2.0/bits/predefined_ops.h:241:17: note:   mismatched types 'const std::unordered_multiset<_Value1, _Hash1, _Pred1, _Alloc1>' and 'char'
  { return *__it == _M_value; }
           ~~~~~~^~~~~~~~~~~
In file included from /home/eger/.linuxbrew/Cellar/gcc@8/8.2.0/include/c++/8.2.0/iterator:66,
                 from /home/eger/.linuxbrew/Cellar/gcc@8/8.2.0/include/c++/8.2.0/regex:43,
                 from src/http.cpp:13:
/home/eger/.linuxbrew/Cellar/gcc@8/8.2.0/include/c++/8.2.0/bits/stream_iterator.h:130:5: note: candidate: 'template<class _Tp, class _CharT, class _Traits, class _Dist> bool std::operator==(const std::istream_iterator<_Tp, _CharT, _Traits, _Dist>&, const std::istream_iterator<_Tp, _CharT, _Traits, _Dist>&)'
     operator==(const istream_iterator<_Tp, _CharT, _Traits, _Dist>& __x,
     ^~~~~~~~
/home/eger/.linuxbrew/Cellar/gcc@8/8.2.0/include/c++/8.2.0/bits/stream_iterator.h:130:5: note:   template argument deduction/substitution failed:
In file included from /home/eger/.linuxbrew/Cellar/gcc@8/8.2.0/include/c++/8.2.0/bits/stl_algobase.h:71,
                 from /home/eger/.linuxbrew/Cellar/gcc@8/8.2.0/include/c++/8.2.0/bits/char_traits.h:39,
                 from /home/eger/.linuxbrew/Cellar/gcc@8/8.2.0/include/c++/8.2.0/ios:40,
                 from /home/eger/.linuxbrew/Cellar/gcc@8/8.2.0/include/c++/8.2.0/ostream:38,
                 from /home/eger/.linuxbrew/Cellar/gcc@8/8.2.0/include/c++/8.2.0/iostream:39,
                 from include/http.hpp:13,
                 from src/http.cpp:9:
/home/eger/.linuxbrew/Cellar/gcc@8/8.2.0/include/c++/8.2.0/bits/predefined_ops.h:241:17: note:   mismatched types 'const std::istream_iterator<_Tp, _CharT, _Traits, _Dist>' and 'char'
  { return *__it == _M_value; }
           ~~~~~~^~~~~~~~~~~
In file included from /home/eger/.linuxbrew/Cellar/gcc@8/8.2.0/include/c++/8.2.0/deque:64,
                 from /home/eger/.linuxbrew/Cellar/gcc@8/8.2.0/include/c++/8.2.0/stack:60,
                 from /home/eger/.linuxbrew/Cellar/gcc@8/8.2.0/include/c++/8.2.0/regex:47,
                 from src/http.cpp:13:
/home/eger/.linuxbrew/Cellar/gcc@8/8.2.0/include/c++/8.2.0/bits/stl_deque.h:268:5: note: candidate: 'template<class _Tp, class _Ref, class _Ptr> bool std::operator==(const std::_Deque_iterator<_Tp, _Ref, _Ptr>&, const std::_Deque_iterator<_Tp, _Ref, _Ptr>&)'
     operator==(const _Deque_iterator<_Tp, _Ref, _Ptr>& __x,
     ^~~~~~~~
/home/eger/.linuxbrew/Cellar/gcc@8/8.2.0/include/c++/8.2.0/bits/stl_deque.h:268:5: note:   template argument deduction/substitution failed:
In file included from /home/eger/.linuxbrew/Cellar/gcc@8/8.2.0/include/c++/8.2.0/bits/stl_algobase.h:71,
                 from /home/eger/.linuxbrew/Cellar/gcc@8/8.2.0/include/c++/8.2.0/bits/char_traits.h:39,
                 from /home/eger/.linuxbrew/Cellar/gcc@8/8.2.0/include/c++/8.2.0/ios:40,
                 from /home/eger/.linuxbrew/Cellar/gcc@8/8.2.0/include/c++/8.2.0/ostream:38,
                 from /home/eger/.linuxbrew/Cellar/gcc@8/8.2.0/include/c++/8.2.0/iostream:39,
                 from include/http.hpp:13,
                 from src/http.cpp:9:
/home/eger/.linuxbrew/Cellar/gcc@8/8.2.0/include/c++/8.2.0/bits/predefined_ops.h:241:17: note:   mismatched types 'const std::_Deque_iterator<_Tp, _Ref, _Ptr>' and 'char'
  { return *__it == _M_value; }
           ~~~~~~^~~~~~~~~~~
In file included from /home/eger/.linuxbrew/Cellar/gcc@8/8.2.0/include/c++/8.2.0/deque:64,
                 from /home/eger/.linuxbrew/Cellar/gcc@8/8.2.0/include/c++/8.2.0/stack:60,
                 from /home/eger/.linuxbrew/Cellar/gcc@8/8.2.0/include/c++/8.2.0/regex:47,
                 from src/http.cpp:13:
/home/eger/.linuxbrew/Cellar/gcc@8/8.2.0/include/c++/8.2.0/bits/stl_deque.h:275:5: note: candidate: 'template<class _Tp, class _RefL, class _PtrL, class _RefR, class _PtrR> bool std::operator==(const std::_Deque_iterator<_Tp, _Ref, _Ptr>&, const std::_Deque_iterator<_Tp, _RefR, _PtrR>&)'
     operator==(const _Deque_iterator<_Tp, _RefL, _PtrL>& __x,
     ^~~~~~~~
/home/eger/.linuxbrew/Cellar/gcc@8/8.2.0/include/c++/8.2.0/bits/stl_deque.h:275:5: note:   template argument deduction/substitution failed:
In file included from /home/eger/.linuxbrew/Cellar/gcc@8/8.2.0/include/c++/8.2.0/bits/stl_algobase.h:71,
                 from /home/eger/.linuxbrew/Cellar/gcc@8/8.2.0/include/c++/8.2.0/bits/char_traits.h:39,
                 from /home/eger/.linuxbrew/Cellar/gcc@8/8.2.0/include/c++/8.2.0/ios:40,
                 from /home/eger/.linuxbrew/Cellar/gcc@8/8.2.0/include/c++/8.2.0/ostream:38,
                 from /home/eger/.linuxbrew/Cellar/gcc@8/8.2.0/include/c++/8.2.0/iostream:39,
                 from include/http.hpp:13,
                 from src/http.cpp:9:
/home/eger/.linuxbrew/Cellar/gcc@8/8.2.0/include/c++/8.2.0/bits/predefined_ops.h:241:17: note:   mismatched types 'const std::_Deque_iterator<_Tp, _Ref, _Ptr>' and 'char'
  { return *__it == _M_value; }
           ~~~~~~^~~~~~~~~~~
In file included from /home/eger/.linuxbrew/Cellar/gcc@8/8.2.0/include/c++/8.2.0/deque:64,
                 from /home/eger/.linuxbrew/Cellar/gcc@8/8.2.0/include/c++/8.2.0/stack:60,
                 from /home/eger/.linuxbrew/Cellar/gcc@8/8.2.0/include/c++/8.2.0/regex:47,
                 from src/http.cpp:13:
/home/eger/.linuxbrew/Cellar/gcc@8/8.2.0/include/c++/8.2.0/bits/stl_deque.h:2277:5: note: candidate: 'template<class _Tp, class _Alloc> bool std::operator==(const std::deque<_Tp, _Alloc>&, const std::deque<_Tp, _Alloc>&)'
     operator==(const deque<_Tp, _Alloc>& __x,
     ^~~~~~~~
/home/eger/.linuxbrew/Cellar/gcc@8/8.2.0/include/c++/8.2.0/bits/stl_deque.h:2277:5: note:   template argument deduction/substitution failed:
In file included from /home/eger/.linuxbrew/Cellar/gcc@8/8.2.0/include/c++/8.2.0/bits/stl_algobase.h:71,
                 from /home/eger/.linuxbrew/Cellar/gcc@8/8.2.0/include/c++/8.2.0/bits/char_traits.h:39,
                 from /home/eger/.linuxbrew/Cellar/gcc@8/8.2.0/include/c++/8.2.0/ios:40,
                 from /home/eger/.linuxbrew/Cellar/gcc@8/8.2.0/include/c++/8.2.0/ostream:38,
                 from /home/eger/.linuxbrew/Cellar/gcc@8/8.2.0/include/c++/8.2.0/iostream:39,
                 from include/http.hpp:13,
                 from src/http.cpp:9:
/home/eger/.linuxbrew/Cellar/gcc@8/8.2.0/include/c++/8.2.0/bits/predefined_ops.h:241:17: note:   mismatched types 'const std::deque<_Tp, _Alloc>' and 'char'
  { return *__it == _M_value; }
           ~~~~~~^~~~~~~~~~~
In file included from /home/eger/.linuxbrew/Cellar/gcc@8/8.2.0/include/c++/8.2.0/stack:61,
                 from /home/eger/.linuxbrew/Cellar/gcc@8/8.2.0/include/c++/8.2.0/regex:47,
                 from src/http.cpp:13:
/home/eger/.linuxbrew/Cellar/gcc@8/8.2.0/include/c++/8.2.0/bits/stl_stack.h:293:5: note: candidate: 'template<class _Tp, class _Seq> bool std::operator==(const std::stack<_Tp, _Seq>&, const std::stack<_Tp, _Seq>&)'
     operator==(const stack<_Tp, _Seq>& __x, const stack<_Tp, _Seq>& __y)
     ^~~~~~~~
/home/eger/.linuxbrew/Cellar/gcc@8/8.2.0/include/c++/8.2.0/bits/stl_stack.h:293:5: note:   template argument deduction/substitution failed:
In file included from /home/eger/.linuxbrew/Cellar/gcc@8/8.2.0/include/c++/8.2.0/bits/stl_algobase.h:71,
                 from /home/eger/.linuxbrew/Cellar/gcc@8/8.2.0/include/c++/8.2.0/bits/char_traits.h:39,
                 from /home/eger/.linuxbrew/Cellar/gcc@8/8.2.0/include/c++/8.2.0/ios:40,
                 from /home/eger/.linuxbrew/Cellar/gcc@8/8.2.0/include/c++/8.2.0/ostream:38,
                 from /home/eger/.linuxbrew/Cellar/gcc@8/8.2.0/include/c++/8.2.0/iostream:39,
                 from include/http.hpp:13,
                 from src/http.cpp:9:
/home/eger/.linuxbrew/Cellar/gcc@8/8.2.0/include/c++/8.2.0/bits/predefined_ops.h:241:17: note:   mismatched types 'const std::stack<_Tp, _Seq>' and 'char'
  { return *__it == _M_value; }
           ~~~~~~^~~~~~~~~~~
In file included from /home/eger/.linuxbrew/Cellar/gcc@8/8.2.0/include/c++/8.2.0/map:60,
                 from /home/eger/.linuxbrew/Cellar/gcc@8/8.2.0/include/c++/8.2.0/regex:52,
                 from src/http.cpp:13:
/home/eger/.linuxbrew/Cellar/gcc@8/8.2.0/include/c++/8.2.0/bits/stl_tree.h:406:5: note: candidate: 'template<class _Val> bool std::operator==(const std::_Rb_tree_iterator<_Tp>&, const std::_Rb_tree_const_iterator<_Val>&)'
     operator==(const _Rb_tree_iterator<_Val>& __x,
     ^~~~~~~~
/home/eger/.linuxbrew/Cellar/gcc@8/8.2.0/include/c++/8.2.0/bits/stl_tree.h:406:5: note:   template argument deduction/substitution failed:
In file included from /home/eger/.linuxbrew/Cellar/gcc@8/8.2.0/include/c++/8.2.0/bits/stl_algobase.h:71,
                 from /home/eger/.linuxbrew/Cellar/gcc@8/8.2.0/include/c++/8.2.0/bits/char_traits.h:39,
                 from /home/eger/.linuxbrew/Cellar/gcc@8/8.2.0/include/c++/8.2.0/ios:40,
                 from /home/eger/.linuxbrew/Cellar/gcc@8/8.2.0/include/c++/8.2.0/ostream:38,
                 from /home/eger/.linuxbrew/Cellar/gcc@8/8.2.0/include/c++/8.2.0/iostream:39,
                 from include/http.hpp:13,
                 from src/http.cpp:9:
/home/eger/.linuxbrew/Cellar/gcc@8/8.2.0/include/c++/8.2.0/bits/predefined_ops.h:241:17: note:   mismatched types 'const std::_Rb_tree_iterator<_Tp>' and 'char'
  { return *__it == _M_value; }
           ~~~~~~^~~~~~~~~~~
In file included from /home/eger/.linuxbrew/Cellar/gcc@8/8.2.0/include/c++/8.2.0/map:60,
                 from /home/eger/.linuxbrew/Cellar/gcc@8/8.2.0/include/c++/8.2.0/regex:52,
                 from src/http.cpp:13:
/home/eger/.linuxbrew/Cellar/gcc@8/8.2.0/include/c++/8.2.0/bits/stl_tree.h:1549:5: note: candidate: 'template<class _Key, class _Val, class _KeyOfValue, class _Compare, class _Alloc> bool std::operator==(const std::_Rb_tree<_Key, _Val, _KeyOfValue, _Compare, _Alloc>&, const std::_Rb_tree<_Key, _Val, _KeyOfValue, _Compare, _Alloc>&)'
     operator==(const _Rb_tree<_Key, _Val, _KeyOfValue, _Compare, _Alloc>& __x,
     ^~~~~~~~
/home/eger/.linuxbrew/Cellar/gcc@8/8.2.0/include/c++/8.2.0/bits/stl_tree.h:1549:5: note:   template argument deduction/substitution failed:
In file included from /home/eger/.linuxbrew/Cellar/gcc@8/8.2.0/include/c++/8.2.0/bits/stl_algobase.h:71,
                 from /home/eger/.linuxbrew/Cellar/gcc@8/8.2.0/include/c++/8.2.0/bits/char_traits.h:39,
                 from /home/eger/.linuxbrew/Cellar/gcc@8/8.2.0/include/c++/8.2.0/ios:40,
                 from /home/eger/.linuxbrew/Cellar/gcc@8/8.2.0/include/c++/8.2.0/ostream:38,
                 from /home/eger/.linuxbrew/Cellar/gcc@8/8.2.0/include/c++/8.2.0/iostream:39,
                 from include/http.hpp:13,
                 from src/http.cpp:9:
/home/eger/.linuxbrew/Cellar/gcc@8/8.2.0/include/c++/8.2.0/bits/predefined_ops.h:241:17: note:   mismatched types 'const std::_Rb_tree<_Key, _Val, _KeyOfValue, _Compare, _Alloc>' and 'char'
  { return *__it == _M_value; }
           ~~~~~~^~~~~~~~~~~
In file included from /home/eger/.linuxbrew/Cellar/gcc@8/8.2.0/include/c++/8.2.0/map:61,
                 from /home/eger/.linuxbrew/Cellar/gcc@8/8.2.0/include/c++/8.2.0/regex:52,
                 from src/http.cpp:13:
/home/eger/.linuxbrew/Cellar/gcc@8/8.2.0/include/c++/8.2.0/bits/stl_map.h:1435:5: note: candidate: 'template<class _Key, class _Tp, class _Compare, class _Alloc> bool std::operator==(const std::map<_Key, _Tp, _Compare, _Allocator>&, const std::map<_Key, _Tp, _Compare, _Allocator>&)'
     operator==(const map<_Key, _Tp, _Compare, _Alloc>& __x,
     ^~~~~~~~
/home/eger/.linuxbrew/Cellar/gcc@8/8.2.0/include/c++/8.2.0/bits/stl_map.h:1435:5: note:   template argument deduction/substitution failed:
In file included from /home/eger/.linuxbrew/Cellar/gcc@8/8.2.0/include/c++/8.2.0/bits/stl_algobase.h:71,
                 from /home/eger/.linuxbrew/Cellar/gcc@8/8.2.0/include/c++/8.2.0/bits/char_traits.h:39,
                 from /home/eger/.linuxbrew/Cellar/gcc@8/8.2.0/include/c++/8.2.0/ios:40,
                 from /home/eger/.linuxbrew/Cellar/gcc@8/8.2.0/include/c++/8.2.0/ostream:38,
                 from /home/eger/.linuxbrew/Cellar/gcc@8/8.2.0/include/c++/8.2.0/iostream:39,
                 from include/http.hpp:13,
                 from src/http.cpp:9:
/home/eger/.linuxbrew/Cellar/gcc@8/8.2.0/include/c++/8.2.0/bits/predefined_ops.h:241:17: note:   mismatched types 'const std::map<_Key, _Tp, _Compare, _Allocator>' and 'char'
  { return *__it == _M_value; }
           ~~~~~~^~~~~~~~~~~
In file included from /home/eger/.linuxbrew/Cellar/gcc@8/8.2.0/include/c++/8.2.0/map:62,
                 from /home/eger/.linuxbrew/Cellar/gcc@8/8.2.0/include/c++/8.2.0/regex:52,
                 from src/http.cpp:13:
/home/eger/.linuxbrew/Cellar/gcc@8/8.2.0/include/c++/8.2.0/bits/stl_multimap.h:1100:5: note: candidate: 'template<class _Key, class _Tp, class _Compare, class _Alloc> bool std::operator==(const std::multimap<_Key, _Tp, _Compare, _Allocator>&, const std::multimap<_Key, _Tp, _Compare, _Allocator>&)'
     operator==(const multimap<_Key, _Tp, _Compare, _Alloc>& __x,
     ^~~~~~~~
/home/eger/.linuxbrew/Cellar/gcc@8/8.2.0/include/c++/8.2.0/bits/stl_multimap.h:1100:5: note:   template argument deduction/substitution failed:
In file included from /home/eger/.linuxbrew/Cellar/gcc@8/8.2.0/include/c++/8.2.0/bits/stl_algobase.h:71,
                 from /home/eger/.linuxbrew/Cellar/gcc@8/8.2.0/include/c++/8.2.0/bits/char_traits.h:39,
                 from /home/eger/.linuxbrew/Cellar/gcc@8/8.2.0/include/c++/8.2.0/ios:40,
                 from /home/eger/.linuxbrew/Cellar/gcc@8/8.2.0/include/c++/8.2.0/ostream:38,
                 from /home/eger/.linuxbrew/Cellar/gcc@8/8.2.0/include/c++/8.2.0/iostream:39,
                 from include/http.hpp:13,
                 from src/http.cpp:9:
/home/eger/.linuxbrew/Cellar/gcc@8/8.2.0/include/c++/8.2.0/bits/predefined_ops.h:241:17: note:   mismatched types 'const std::multimap<_Key, _Tp, _Compare, _Allocator>' and 'char'
  { return *__it == _M_value; }
           ~~~~~~^~~~~~~~~~~
In file included from /home/eger/.linuxbrew/Cellar/gcc@8/8.2.0/include/c++/8.2.0/regex:56,
                 from src/http.cpp:13:
/home/eger/.linuxbrew/Cellar/gcc@8/8.2.0/include/c++/8.2.0/bits/std_function.h:745:5: note: candidate: 'template<class _Res, class ... _Args> bool std::operator==(const std::function<_Res(_ArgTypes ...)>&, std::nullptr_t)'
     operator==(const function<_Res(_Args...)>& __f, nullptr_t) noexcept
     ^~~~~~~~
/home/eger/.linuxbrew/Cellar/gcc@8/8.2.0/include/c++/8.2.0/bits/std_function.h:745:5: note:   template argument deduction/substitution failed:
In file included from /home/eger/.linuxbrew/Cellar/gcc@8/8.2.0/include/c++/8.2.0/bits/stl_algobase.h:71,
                 from /home/eger/.linuxbrew/Cellar/gcc@8/8.2.0/include/c++/8.2.0/bits/char_traits.h:39,
                 from /home/eger/.linuxbrew/Cellar/gcc@8/8.2.0/include/c++/8.2.0/ios:40,
                 from /home/eger/.linuxbrew/Cellar/gcc@8/8.2.0/include/c++/8.2.0/ostream:38,
                 from /home/eger/.linuxbrew/Cellar/gcc@8/8.2.0/include/c++/8.2.0/iostream:39,
                 from include/http.hpp:13,
                 from src/http.cpp:9:
/home/eger/.linuxbrew/Cellar/gcc@8/8.2.0/include/c++/8.2.0/bits/predefined_ops.h:241:17: note:   mismatched types 'const std::function<_Res(_ArgTypes ...)>' and 'char'
  { return *__it == _M_value; }
           ~~~~~~^~~~~~~~~~~
In file included from /home/eger/.linuxbrew/Cellar/gcc@8/8.2.0/include/c++/8.2.0/regex:56,
                 from src/http.cpp:13:
/home/eger/.linuxbrew/Cellar/gcc@8/8.2.0/include/c++/8.2.0/bits/std_function.h:751:5: note: candidate: 'template<class _Res, class ... _Args> bool std::operator==(std::nullptr_t, const std::function<_Res(_ArgTypes ...)>&)'
     operator==(nullptr_t, const function<_Res(_Args...)>& __f) noexcept
     ^~~~~~~~
/home/eger/.linuxbrew/Cellar/gcc@8/8.2.0/include/c++/8.2.0/bits/std_function.h:751:5: note:   template argument deduction/substitution failed:
In file included from /home/eger/.linuxbrew/Cellar/gcc@8/8.2.0/include/c++/8.2.0/bits/stl_algobase.h:71,
                 from /home/eger/.linuxbrew/Cellar/gcc@8/8.2.0/include/c++/8.2.0/bits/char_traits.h:39,
                 from /home/eger/.linuxbrew/Cellar/gcc@8/8.2.0/include/c++/8.2.0/ios:40,
                 from /home/eger/.linuxbrew/Cellar/gcc@8/8.2.0/include/c++/8.2.0/ostream:38,
                 from /home/eger/.linuxbrew/Cellar/gcc@8/8.2.0/include/c++/8.2.0/iostream:39,
                 from include/http.hpp:13,
                 from src/http.cpp:9:
/home/eger/.linuxbrew/Cellar/gcc@8/8.2.0/include/c++/8.2.0/bits/predefined_ops.h:241:17: note:   'const std::__cxx11::basic_string<char>' is not derived from 'const std::function<_Res(_ArgTypes ...)>'
  { return *__it == _M_value; }
           ~~~~~~^~~~~~~~~~~
src/http.cpp: In member function 'virtual int search::HTTPClient::SecureSocket::setFd(int)':
src/http.cpp:272:5: warning: control reaches end of non-void function [-Wreturn-type]
     }
     ^
src/http.cpp: In member function 'virtual ssize_t search::HTTPClient::SecureSocket::send(const char*, size_t)':
src/http.cpp:303:5: warning: control reaches end of non-void function [-Wreturn-type]
     }
     ^
src/http.cpp: At global scope:
src/http.cpp:62:17: warning: 'bool search::sendall(int, const char*, size_t, int)' defined but not used [-Wunused-function]
     static bool sendall(int sockfd, const char * buf, size_t len, int flags) {
                 ^~~~~~~
make: *** [build/http.o] Error 1
